[backblue.gif]
[fade.gif]
[index.html]
[aisw.kangwon.ac.kr/index.html]
[cdn.jsdelivr.net/npm/xeicon@2.3.3/xeicon.min.css]
[aisw.kangwon.ac.kr/_res/_common/js/jquery/jquery-2.2.4.min.js]
[aisw.kangwon.ac.kr/_res/_common/js/jquery/jquery-ui-1.12.1.min.js]
[aisw.kangwon.ac.kr/_res/_common/js/cms.js]
[aisw.kangwon.ac.kr/_res/knu/_share/js/swiper.min.js]
[aisw.kangwon.ac.kr/_res/knu/_share/js/scroll.js]
[aisw.kangwon.ac.kr/_res/knu/_share/js/cms-common0b10.js]
[aisw.kangwon.ac.kr/_res/knu/aisw/js/main-content01.content7204.js]
[aisw.kangwon.ac.kr/_res/knu/aisw/js/header.content0b7a.js]
[aisw.kangwon.ac.kr/_res/knu/_share/js/main-visual-temp08.widget03b3.js]
[aisw.kangwon.ac.kr/_res/knu/_share/js/footer-default.widget87c5.js]
[aisw.kangwon.ac.kr/_res/knu/_share/js/gnb-mobile.widget7975.js]
[aisw.kangwon.ac.kr/_res/knu/_share/img/common/img-logo.png]
[aisw.kangwon.ac.kr/_res/knu/aisw/img/main/1.jpg]
[aisw.kangwon.ac.kr/_res/knu/aisw/img/main/2.jpg]
[aisw.kangwon.ac.kr/_res/knu/_share/img/common/img-footer-logo.png]
[aisw.kangwon.ac.kr/aisw/index.html]
[cdn.jsdelivr.net/npm/xeicon@2.3.3/fonts/xeicon75d5.eot]
[cdn.jsdelivr.net/npm/xeicon@2.3.3/fonts/xeicon75d5.woff2]
[cdn.jsdelivr.net/npm/xeicon@2.3.3/fonts/xeicon75d5.ttf]
[cdn.jsdelivr.net/npm/xeicon@2.3.3/fonts/xeicon75d5.woff]
[cdn.jsdelivr.net/npm/xeicon@2.3.3/xeicon.min.css]
[cdn.jsdelivr.net/npm/xeicon@2.3.3/fonts/xeicon75d5.svg]
[aisw.kangwon.ac.kr/_res/_common/css/cms.css]
[aisw.kangwon.ac.kr/_res/knu/_share/css/swiper.min.css]
[aisw.kangwon.ac.kr/_res/knu/_share/css/scroll.css]
[aisw.kangwon.ac.kr/_res/knu/_share/css/cms-commoneb48.css]
[aisw.kangwon.ac.kr/_res/knu/_share/img/temp08/btn-vi-prev.png]
[aisw.kangwon.ac.kr/_res/knu/_share/css/main-visual-temp08.widget03b3.css]
[aisw.kangwon.ac.kr/_res/knu/_share/img/temp08/btn-vi-next.png]
[aisw.kangwon.ac.kr/_res/knu/_share/img/common/btn-selected01.png]
[aisw.kangwon.ac.kr/_res/knu/_share/css/footer-default.widget87c5.css]
[aisw.kangwon.ac.kr/_res/knu/_share/css/announcement-miniboard-template-08-bulletin-board.widget841b.css]
[aisw.kangwon.ac.kr/_res/knu/_share/css/announcement-mini-board-template-08-representative.widget1270.css]
[aisw.kangwon.ac.kr/_res/knu/_share/img/common/ico-m-login.png]
[aisw.kangwon.ac.kr/_res/knu/_share/img/common/bg-m-depth03-open.png]
[aisw.kangwon.ac.kr/_res/knu/_share/img/common/bg-m-depth03-close.png]
[aisw.kangwon.ac.kr/_res/knu/_share/img/common/btn-m-menu-close.png]
[aisw.kangwon.ac.kr/_res/knu/_share/css/gnb-mobile.widget7975.css]
[aisw.kangwon.ac.kr/_res/knu/aisw/css/cms-common740a.css]
[aisw.kangwon.ac.kr/_res/knu/aisw/img/main/btn-more.png]
[aisw.kangwon.ac.kr/_res/knu/aisw/css/main3d9d.css]
[aisw.kangwon.ac.kr/_res/knu/aisw/img/main/btn-more-on.png]
[aisw.kangwon.ac.kr/_res/knu/aisw/img/main/ico-quick07.png]
[aisw.kangwon.ac.kr/_res/knu/aisw/img/main/ico-quick01.png]
[aisw.kangwon.ac.kr/_res/knu/aisw/img/main/ico-quick02.png]
[aisw.kangwon.ac.kr/_res/knu/aisw/img/main/ico-quick03.png]
[aisw.kangwon.ac.kr/_res/knu/aisw/img/main/ico-quick04.png]
[aisw.kangwon.ac.kr/_res/knu/aisw/img/main/ico-quick05.png]
[aisw.kangwon.ac.kr/_res/knu/aisw/css/main-content02.content3d9d.css]
[aisw.kangwon.ac.kr/_res/knu/aisw/img/main/ico-quick06.png]
[aisw.kangwon.ac.kr/_res/knu/aisw/css/main-content01.content7204.css]
[aisw.kangwon.ac.kr/_res/knu/aisw/img/common/bg-depth03-open.png]
[aisw.kangwon.ac.kr/_res/knu/aisw/img/common/bg-main-depth03-open.png]
[aisw.kangwon.ac.kr/_res/knu/aisw/img/common/bg-depth03-close.png]
[aisw.kangwon.ac.kr/_res/knu/aisw/img/common/bg-main-depth03-close.png]
[aisw.kangwon.ac.kr/_res/knu/_share/img/temp08/ico-login.png]
[aisw.kangwon.ac.kr/_res/knu/_share/img/temp08/ico-logout.png]
[aisw.kangwon.ac.kr/_res/knu/aisw/img/common/btn-m-menu-b.png]
[aisw.kangwon.ac.kr/_res/knu/aisw/css/header.content0b7a.css]
[aisw.kangwon.ac.kr/_res/knu/aisw/css/footer.content350a.css]
[aisw.kangwon.ac.kr/_res/knu/aisw/js/cms-common07aa.js]
[aisw.kangwon.ac.kr/aisw/index-2.html]
[aisw.kangwon.ac.kr/_res/knu/aisw/js/greetings.content350a.js]
[aisw.kangwon.ac.kr/_res/knu/_share/js/pull-down-menu.widget9d66.js]
[aisw.kangwon.ac.kr/_res/knu/_share/img/contents/img-greeting-type05.jpg]
[aisw.kangwon.ac.kr/aisw/intro/greetings.html]
[aisw.kangwon.ac.kr/_res/_common/js/toastr5b5c.js]
[aisw.kangwon.ac.kr/_res/knu/_share/js/board874e.js]
[aisw.kangwon.ac.kr/_custom/knu/resource/js/board.commonbe48.js]
[aisw.kangwon.ac.kr/_custom/knu/resource/js/board.sns.sharedfc2.js]
[aisw.kangwon.ac.kr/_custom/knu/resource/js/clipboard.minfc1f.js]
[aisw.kangwon.ac.kr/_custom/knu/resource/js/board.tab.util3fc4.js]
[aisw.kangwon.ac.kr/aisw/intro/history04.html]
[aisw.kangwon.ac.kr/aisw/intro/intro.html]
[aisw.kangwon.ac.kr/_res/knu/aisw/img/intro/img-intro.gif]
[aisw.kangwon.ac.kr/_res/knu/aisw/img/intro/img-lab01.jpg]
[aisw.kangwon.ac.kr/_res/knu/aisw/img/intro/img-lab02.jpg]
[aisw.kangwon.ac.kr/_res/knu/aisw/img/intro/img-lab03.jpg]
[aisw.kangwon.ac.kr/_res/knu/aisw/img/intro/img-lab04.jpg]
[aisw.kangwon.ac.kr/_res/knu/aisw/img/intro/img-lab05.jpg]
[aisw.kangwon.ac.kr/_res/knu/aisw/img/intro/img-lab06.jpg]
[aisw.kangwon.ac.kr/_res/knu/aisw/img/intro/img-lab07.jpg]
[aisw.kangwon.ac.kr/_res/knu/aisw/img/intro/img-lab08.jpg]
[aisw.kangwon.ac.kr/_res/knu/aisw/img/intro/img-lab09.jpg]
[aisw.kangwon.ac.kr/aisw/intro/lab.html]
[aisw.kangwon.ac.kr/_res/knu/aisw/img/intro/img-lab10.jpg]
[aisw.kangwon.ac.kr/aisw/intro/circle.html]
[aisw.kangwon.ac.kr/_res/knu/aisw/img/intro/img-council.png]
[aisw.kangwon.ac.kr/aisw/intro/council.html]
[ssl.daumcdn.net/dmaps/map_js_init/roughmapLoader.js]
[aisw.kangwon.ac.kr/aisw/intro/location.html]
[aisw.kangwon.ac.kr/app/common/attach/image/thumb_%EC%9C%A0%ED%9D%AC%EA%B2%BD%EA%B5%90%EC%88%98%EB%8B%98.png]
[aisw.kangwon.ac.kr/_res/knu/_share/img/board/img-faculty-default.gif]
[aisw.kangwon.ac.kr/app/common/attach/image/thumb_%ED%99%A9%EB%93%9D%EC%98%81%EA%B5%90%EC%88%98%EB%8B%98.png]
[aisw.kangwon.ac.kr/_attach/gyosupic/10124.jpg]
[aisw.kangwon.ac.kr/app/common/attach/image/thumb_%EC%98%A4%ED%98%95%EC%88%A0%EA%B5%90%EC%88%98%EB%8B%98.png]
[aisw.kangwon.ac.kr/app/common/attach/image/thumb_%EC%9E%A5%EC%98%81%EA%B4%80%EA%B5%90%EC%88%98%EB%8B%98.png]
[aisw.kangwon.ac.kr/app/common/attach/image/thumb_%EB%AC%B8%EC%84%B1%EB%8F%99%EA%B5%90%EC%88%98%EB%8B%98.png]
[aisw.kangwon.ac.kr/app/common/attach/image/thumb_%EC%9C%A4%EC%9D%B8%EC%84%AD%EA%B5%90%EC%88%98%EB%8B%98.png]
[aisw.kangwon.ac.kr/app/common/attach/image/thumb_%EC%9C%A4%EC%A2%85%EC%B2%A0%EA%B5%90%EC%88%98%EB%8B%98.png]
[aisw.kangwon.ac.kr/_attach/gyosupic/11154.jpg]
[aisw.kangwon.ac.kr/app/common/attach/image/thumb_%EC%9D%B4%EB%91%90%ED%98%B8%EA%B5%90%EC%88%98%EB%8B%98.png]
[aisw.kangwon.ac.kr/app/common/attach/image/thumb_%EA%B6%8C%EC%84%B8%EC%A7%84 %EA%B5%90%EC%88%98%EB%8B%98.png]
[aisw.kangwon.ac.kr/app/common/attach/image/thumb_%EC%9D%B4%ED%83%9C%EB%AF%BC %EA%B5%90%EC%88%98%EB%8B%98 %EC%82%AC%EC%A7%84.jpg]
[aisw.kangwon.ac.kr/aisw/professor/professor.html]
[aisw.kangwon.ac.kr/app/common/attach/image/thumb_%EC%A0%95%EB%9E%80%EA%B5%90%EC%88%98%EB%8B%98.png]
[aisw.kangwon.ac.kr/app/common/attach/image/thumb_%EC%A7%84%EA%B4%91%EC%9C%A4%EA%B5%90%EC%88%98%EB%8B%98.png]
[aisw.kangwon.ac.kr/app/common/attach/image/thumb_%EC%B5%9C%EC%8A%B9%EA%B5%90%EA%B5%90%EC%88%98%EB%8B%98.png]
[aisw.kangwon.ac.kr/aisw/professor/emeritus-professor.html]
[aisw.kangwon.ac.kr/aisw/bachelor/curriculum.html]
[aisw.kangwon.ac.kr/_custom/knu/resource/js/app/app.common4ae3.js]
[aisw.kangwon.ac.kr/_custom/knu/resource/js/yearpicker3dc1.js]
[aisw.kangwon.ac.kr/_custom/knu/resource/js/app/app.adm.curriculum36d9.js]
[aisw.kangwon.ac.kr/aisw/bachelor/subject.html]
[aisw.kangwon.ac.kr/aisw/bachelor/info.html]
[aisw.kangwon.ac.kr/_custom/knu/resource/js/moment.minc98a.js]
[aisw.kangwon.ac.kr/_custom/knu/resource/js/daterangepickerc98a.js]
[aisw.kangwon.ac.kr/aisw/bachelor/calendar.html]
[aisw.kangwon.ac.kr/aisw/admission/admission-guide.html]
[aisw.kangwon.ac.kr/aisw/community/notice.html]
[aisw.kangwon.ac.kr/_res/knu/_share/js/swiper.mine20f.js]
[aisw.kangwon.ac.kr/app/board/attach/image/thumb_%EB%8B%A4%EC%A0%84%EA%B3%B5%ED%8F%AC%ED%8A%B8%ED%8F%B4%EB%A6%AC%EC%98%A4 %EC%8B%A0%EC%8A%B9%ED%97%8C %EC%88%98%EC%83%81.png]
[aisw.kangwon.ac.kr/aisw/community/%EB%8B%A4%EC%A0%84%EA%B3%B5%ED%8F%AC%ED%8A%B8%ED%8F%B4%EB%A6%AC%EC%98%A4 %EC%8B%A0%EC%8A%B9%ED%97%8C %EC%88%98%EC%83%815020.png]
[aisw.kangwon.ac.kr/_res/knu/_share/img/board/ico-file01.gif]
[aisw.kangwon.ac.kr/app/board/attach/image/thumb_KakaoTalk_20211227_135813398.jpg]
[aisw.kangwon.ac.kr/aisw/community/KakaoTalk_20211227_135813398b410.jpg]
[aisw.kangwon.ac.kr/app/board/attach/image/thumb_KakaoTalk_20211215_153117804_02.jpg]
[aisw.kangwon.ac.kr/aisw/community/KakaoTalk_20211215_153117804_02c80f.jpg]
[aisw.kangwon.ac.kr/aisw/community/gallery.html]
[aisw.kangwon.ac.kr/aisw/community/reference-room.html]
[aisw.kangwon.ac.kr/_custom/knu/resource/js/member.login002e.js]
[aisw.kangwon.ac.kr/_res/knu/_share/js/login03b2.js]
[aisw.kangwon.ac.kr/aisw/etc/login9b66.html]
[aisw.kangwon.ac.kr/aisw/etc/login.html]
[aisw.kangwon.ac.kr/aisw/community/noticec2e2.html]
[aisw.kangwon.ac.kr/aisw/community/notice31fa.html]
[aisw.kangwon.ac.kr/aisw/community/noticef589.html]
[cdn.jsdelivr.net/npm/xeicon@2.3.3/fonts/xeicon75d5.svg]
[aisw.kangwon.ac.kr/_res/_common/_plugin/froala-editor/latest/css/froala_style.min.css]
[aisw.kangwon.ac.kr/_res/_common/css/define.min.css]
[aisw.kangwon.ac.kr/_res/_common/css/row-col.min.css]
[aisw.kangwon.ac.kr/_res/knu/_share/etc/NotoSansKR-Light.woff2]
[aisw.kangwon.ac.kr/_res/knu/_share/etc/NotoSansKR-Light.woff]
[aisw.kangwon.ac.kr/_res/knu/_share/etc/NotoSansKR-Light.otf]
[aisw.kangwon.ac.kr/_res/knu/_share/etc/NotoSansKR-DemiLight.woff2]
[aisw.kangwon.ac.kr/_res/knu/_share/etc/NotoSansKR-DemiLight.woff]
[aisw.kangwon.ac.kr/_res/knu/_share/etc/NotoSansKR-DemiLight.otf]
[aisw.kangwon.ac.kr/_res/knu/_share/etc/NotoSansKR-Regular.woff2]
[aisw.kangwon.ac.kr/_res/knu/_share/etc/NotoSansKR-Regular.woff]
[aisw.kangwon.ac.kr/_res/knu/_share/etc/NotoSansKR-Regular.otf]
[aisw.kangwon.ac.kr/_res/knu/_share/etc/NotoSansKR-Medium.woff2]
[aisw.kangwon.ac.kr/_res/knu/_share/etc/NotoSansKR-Medium.woff]
[aisw.kangwon.ac.kr/_res/knu/_share/etc/NotoSansKR-Medium.otf]
[aisw.kangwon.ac.kr/_res/knu/_share/etc/NotoSansKR-Bold.woff2]
[aisw.kangwon.ac.kr/_res/knu/_share/etc/NotoSansKR-Bold.woff]
[aisw.kangwon.ac.kr/_res/knu/_share/etc/NotoSansKR-Bold.otf]
[aisw.kangwon.ac.kr/_res/knu/_share/etc/NotoSansKR-Black.woff2]
[aisw.kangwon.ac.kr/_res/knu/_share/etc/NotoSansKR-Black.woff]
[aisw.kangwon.ac.kr/_res/knu/_share/etc/NotoSansKR-Black.otf]
[aisw.kangwon.ac.kr/_res/knu/_share/etc/NanumSquareR.eot]
[aisw.kangwon.ac.kr/_res/knu/_share/etc/NanumSquareRd41d.eot]
[aisw.kangwon.ac.kr/_res/knu/_share/etc/NanumSquareR.woff]
[aisw.kangwon.ac.kr/_res/knu/_share/etc/NanumSquareR.ttf]
[aisw.kangwon.ac.kr/_res/knu/_share/css/font.css]
[aisw.kangwon.ac.kr/_res/knu/_share/css/table.css]
[aisw.kangwon.ac.kr/_res/knu/_share/img/common/bg-bullet01.png]
[aisw.kangwon.ac.kr/_res/knu/_share/css/sub-guide.css]
[aisw.kangwon.ac.kr/_res/knu/aisw/css/title.content350a.css]
[aisw.kangwon.ac.kr/_res/knu/temp08/img/common/ico-home.png]
[aisw.kangwon.ac.kr/_res/knu/temp08/img/common/ico-path-open.png]
[aisw.kangwon.ac.kr/_res/knu/temp08/img/common/ico-path-close.png]
[aisw.kangwon.ac.kr/_res/knu/temp08/img/common/ico-util-print.png]
[aisw.kangwon.ac.kr/_res/knu/temp08/img/common/ico-util-share.png]
[aisw.kangwon.ac.kr/_res/knu/aisw/css/sub-navigation.contentf7d1.css]
[aisw.kangwon.ac.kr/_res/knu/_share/img/common/bg-opacity-logo.png]
[aisw.kangwon.ac.kr/_res/knu/aisw/css/greetings.content350a.css]
[aisw.kangwon.ac.kr/aisw/etc/login7054.html]
[aisw.kangwon.ac.kr/_res/knu/aisw/img/intro/img-history02-top.jpg]
[aisw.kangwon.ac.kr/_res/knu/aisw/css/crane-and-hyuk.content350a.css]
[aisw.kangwon.ac.kr/_res/knu/_share/css/common01-011693.css]
[aisw.kangwon.ac.kr/_res/_common/css/toastr5b5c.css]
[aisw.kangwon.ac.kr/_res/_common/js/jquery/jquery-ui-1.12.1/images/ui-icons_444444_256x240.png]
[aisw.kangwon.ac.kr/_res/_common/js/jquery/jquery-ui-1.12.1/images/ui-icons_555555_256x240.png]
[aisw.kangwon.ac.kr/_res/_common/js/jquery/jquery-ui-1.12.1/images/ui-icons_ffffff_256x240.png]
[aisw.kangwon.ac.kr/_res/_common/js/jquery/jquery-ui-1.12.1/images/ui-icons_777620_256x240.png]
[aisw.kangwon.ac.kr/_res/_common/js/jquery/jquery-ui-1.12.1/images/ui-icons_cc0000_256x240.png]
[aisw.kangwon.ac.kr/_res/_common/js/jquery/jquery-ui-1.12.1/images/ui-icons_777777_256x240.png]
[aisw.kangwon.ac.kr/_res/_common/js/jquery/jquery-ui-1.12.1/jquery-ui.min5b5c.css]
[aisw.kangwon.ac.kr/_res/knu/_share/img/board/ico-lock01.png]
[aisw.kangwon.ac.kr/_res/knu/_share/img/board/ico-file02.gif]
[aisw.kangwon.ac.kr/_res/knu/_share/img/board/ico-reply01.gif]
[aisw.kangwon.ac.kr/_res/knu/_share/img/board/btn-popup-close.png]
[aisw.kangwon.ac.kr/_res/knu/_share/img/board/ico-sns01.png]
[aisw.kangwon.ac.kr/_res/knu/_share/img/board/ico-sns02.png]
[aisw.kangwon.ac.kr/_res/knu/_share/img/board/ico-sns03.png]
[aisw.kangwon.ac.kr/_res/knu/_share/img/board/bg-frexlink.gif]
[aisw.kangwon.ac.kr/_res/knu/_share/img/board/btn-prev01.png]
[aisw.kangwon.ac.kr/_res/knu/_share/img/board/btn-next01.png]
[aisw.kangwon.ac.kr/_res/knu/_share/img/board/ico-file02-off.png]
[aisw.kangwon.ac.kr/_res/knu/_share/img/board/ico-pager-prev01.png]
[aisw.kangwon.ac.kr/_res/knu/_share/img/board/ico-pager-next01.png]
[aisw.kangwon.ac.kr/_res/knu/_share/img/board/btn-sel-open02.png]
[aisw.kangwon.ac.kr/_res/knu/_share/img/board/bg-reply-dep02.png]
[aisw.kangwon.ac.kr/_res/knu/_share/img/board/btn-sel-open01.png]
[aisw.kangwon.ac.kr/_res/knu/_share/img/board/ico-datepicker01.gif]
[aisw.kangwon.ac.kr/_res/knu/_share/img/board/ico-check01.png]
[aisw.kangwon.ac.kr/_res/knu/_share/img/board/ico-check02.png]
[aisw.kangwon.ac.kr/_res/knu/_share/img/board/ico-check03.png]
[aisw.kangwon.ac.kr/_res/knu/_share/img/board/ico-cal-lst.png]
[aisw.kangwon.ac.kr/_res/knu/_share/img/board/ico-cal.png]
[aisw.kangwon.ac.kr/_res/knu/_share/img/board/ico-cal-lst-on.png]
[aisw.kangwon.ac.kr/_res/knu/_share/img/board/ico-cal-on.png]
[aisw.kangwon.ac.kr/_res/knu/_share/img/board/btn-bg-sel.gif]
[aisw.kangwon.ac.kr/_res/knu/_share/img/board/btn-search.gif]
[aisw.kangwon.ac.kr/_res/knu/_share/img/board/btn-first-page.gif]
[aisw.kangwon.ac.kr/_res/knu/_share/img/board/btn-prev-page.gif]
[aisw.kangwon.ac.kr/_res/knu/_share/img/board/btn-next-page.gif]
[aisw.kangwon.ac.kr/_res/knu/_share/img/board/btn-last-page.gif]
[aisw.kangwon.ac.kr/_res/knu/_share/img/board/ico-tab-open.png]
[aisw.kangwon.ac.kr/_res/knu/_share/img/common/btn-tab-close.png]
[aisw.kangwon.ac.kr/_res/knu/_share/img/common/btn-tab-open.png]
[aisw.kangwon.ac.kr/_res/knu/_share/css/board7289.css]
[aisw.kangwon.ac.kr/_custom/knu/resource/img/captcha_refresh.png]
[aisw.kangwon.ac.kr/_custom/knu/resource/img/captcha_volume.png]
[aisw.kangwon.ac.kr/_custom/knu/resource/css/board.common7f0e.css]
[aisw.kangwon.ac.kr/_res/knu/_share/css/history01-01dd87.css]
[aisw.kangwon.ac.kr/aisw/etc/login4931.html]
[aisw.kangwon.ac.kr/_custom/knu/resource/index.html]
[aisw.kangwon.ac.kr/aisw/etc/logine3d4.html]
[aisw.kangwon.ac.kr/_res/knu/aisw/css/lab.content68e6.css]
[aisw.kangwon.ac.kr/aisw/etc/logincba4.html]
[aisw.kangwon.ac.kr/aisw/etc/login998a.html]
[aisw.kangwon.ac.kr/aisw/etc/login18b1.html]
[aisw.kangwon.ac.kr/_res/knu/aisw/css/location.content8593.css]
[aisw.kangwon.ac.kr/aisw/etc/login922a.html]
[aisw.kangwon.ac.kr/_res/knu/_share/img/board/ico-home.png]
[aisw.kangwon.ac.kr/_res/knu/_share/css/person01-01020b.css]
[aisw.kangwon.ac.kr/aisw/etc/login46e4.html]
[aisw.kangwon.ac.kr/aisw/professor/professor88c9.html]
[aisw.kangwon.ac.kr/aisw/professor/professor7b65.html]
[aisw.kangwon.ac.kr/aisw/professor/professor00ab.html]
[aisw.kangwon.ac.kr/aisw/professor/professor9cd1.html]
[aisw.kangwon.ac.kr/aisw/professor/professor068b.html]
[aisw.kangwon.ac.kr/aisw/professor/professor8a9a.html]
[aisw.kangwon.ac.kr/aisw/professor/professor7bd9.html]
[aisw.kangwon.ac.kr/aisw/professor/professora1b0.html]
[aisw.kangwon.ac.kr/aisw/professor/professor80f9.html]
[aisw.kangwon.ac.kr/aisw/professor/professorb3f4.html]
[aisw.kangwon.ac.kr/aisw/professor/professor6374.html]
[aisw.kangwon.ac.kr/aisw/professor/professor52ee.html]
[aisw.kangwon.ac.kr/aisw/etc/login8038.html]
[aisw.kangwon.ac.kr/aisw/professor/emeritus-professorb54e.html]
[aisw.kangwon.ac.kr/aisw/professor/emeritus-professorad9f.html]
[aisw.kangwon.ac.kr/aisw/professor/emeritus-professor20d6.html]
[aisw.kangwon.ac.kr/_res/knu/_share/img/contents/bg-curriculum-top.jpg]
[aisw.kangwon.ac.kr/_res/knu/aisw/css/top-of-curriculum.content350a.css]
[aisw.kangwon.ac.kr/_res/knu/_share/img/contents/bg-curriculum-arr.png]
[aisw.kangwon.ac.kr/aisw/etc/loginbcd0.html]
[aisw.kangwon.ac.kr/aisw/bachelor/2021%ED%95%99%EB%85%84%EB%8F%84_%EC%86%8C%ED%94%84%ED%8A%B8%EC%9B%A8%EC%96%B4%EB%AF%B8%EB%94%94%EC%96%B4%EC%82%B0%EC%97%85%EA%B3%B5%ED%95%99%EB%B6%80_%EA%B5%90%EC%9C%A1%EA%B3%BC%EC%A0%95f]
[aisw.kangwon.ac.kr/_res/knu/_share/img/board/img-loading-bar.gif]
[aisw.kangwon.ac.kr/aisw/bachelor/curriculum2156.html]
[aisw.kangwon.ac.kr/aisw/bachelor/2020 AI%EC%86%8C%ED%94%84%ED%8A%B8%EC%9B%A8%EC%96%B4%ED%95%99%EA%B3%BC %EA%B5%90%EC%9C%A1%EA%B3%BC%EC%A0%958be0.pdf]
[aisw.kangwon.ac.kr/aisw/bachelor/curriculume148.html]
[aisw.kangwon.ac.kr/aisw/bachelor/2019 AI%EC%86%8C%ED%94%84%ED%8A%B8%EC%9B%A8%EC%96%B4%ED%95%99%EA%B3%BC %EA%B5%90%EC%9C%A1%EA%B3%BC%EC%A0%951ddc.pdf]
[aisw.kangwon.ac.kr/aisw/bachelor/curriculum94a5.html]
[aisw.kangwon.ac.kr/aisw/bachelor/curriculuma927.html]
[aisw.kangwon.ac.kr/_res/knu/_share/css/curriculum01-01d3ae.css]
[aisw.kangwon.ac.kr/_custom/knu/resource/css/yearpickerd77d.css]
[aisw.kangwon.ac.kr/aisw/etc/logineb3d.html]
[aisw.kangwon.ac.kr/_res/knu/_share/img/contents/ico-academic01.png]
[aisw.kangwon.ac.kr/_res/knu/_share/img/contents/ico-academic02.png]
[aisw.kangwon.ac.kr/_res/knu/_share/img/contents/ico-academic03.png]
[aisw.kangwon.ac.kr/_res/knu/_share/img/contents/ico-academic04.png]
[aisw.kangwon.ac.kr/_res/knu/_share/img/contents/bg-admission-arr.png]
[aisw.kangwon.ac.kr/_res/knu/aisw/css/top-of-bachelors-information.content350a.css]
[aisw.kangwon.ac.kr/aisw/etc/login1f08.html]
[aisw.kangwon.ac.kr/_res/knu/_share/img/board/btn-cal-prev.png]
[aisw.kangwon.ac.kr/_res/knu/_share/img/board/btn-cal-next.png]
[aisw.kangwon.ac.kr/_res/knu/_share/img/board/ico-cal02.png]
[aisw.kangwon.ac.kr/_res/knu/_share/img/board/ico-cal-list02.png]
[aisw.kangwon.ac.kr/_res/knu/_share/img/board/ico-cal02-on.png]
[aisw.kangwon.ac.kr/_res/knu/_share/img/board/ico-cal-list02-on.png]
[aisw.kangwon.ac.kr/_res/knu/_share/img/board/bg-sch-top02.gif]
[aisw.kangwon.ac.kr/_res/knu/_share/img/board/bg-sch-top01.png]
[aisw.kangwon.ac.kr/_res/knu/_share/css/list-cal01-013b78.css]
[aisw.kangwon.ac.kr/_res/knu/_share/img/board/ico-arr01.gif]
[aisw.kangwon.ac.kr/aisw/etc/login42c6.html]
[aisw.kangwon.ac.kr/aisw/bachelor/calendara927.html]
[aisw.kangwon.ac.kr/_res/_common/js/fullcalendar/fullcalendar.minadeb.js]
[aisw.kangwon.ac.kr/aisw/bachelor/calendarb4aa.html]
[aisw.kangwon.ac.kr/_custom/knu/resource/js/board.schedule.calendar9528.js]
[aisw.kangwon.ac.kr/aisw/bachelor/calendar8e2f.html]
[aisw.kangwon.ac.kr/aisw/bachelor/calendar6f40.html]
[aisw.kangwon.ac.kr/aisw/bachelor/calendar526f.html]
[aisw.kangwon.ac.kr/aisw/bachelor/calendar7866.html]
[aisw.kangwon.ac.kr/aisw/bachelor/calendare138.html]
[aisw.kangwon.ac.kr/aisw/bachelor/calendar0e87.html]
[aisw.kangwon.ac.kr/aisw/bachelor/calendar8a1e.html]
[aisw.kangwon.ac.kr/aisw/bachelor/calendarf4cf.html]
[aisw.kangwon.ac.kr/aisw/bachelor/calendar2536.html]
[aisw.kangwon.ac.kr/aisw/bachelor/calendar6d85.html]
[aisw.kangwon.ac.kr/aisw/bachelor/calendara02c.html]
[aisw.kangwon.ac.kr/aisw/bachelor/calendar0bb6.html]
[aisw.kangwon.ac.kr/aisw/bachelor/calendarea83.html]
[aisw.kangwon.ac.kr/aisw/bachelor/calendar82d7.html]
[aisw.kangwon.ac.kr/aisw/bachelor/calendar9358.html]
[aisw.kangwon.ac.kr/_res/knu/_share/img/contents/ico-admission01.png]
[aisw.kangwon.ac.kr/_res/knu/_share/img/contents/ico-admission02.png]
[aisw.kangwon.ac.kr/_res/knu/_share/img/contents/ico-admission03.png]
[aisw.kangwon.ac.kr/_res/knu/aisw/css/admission-guide.content350a.css]
[aisw.kangwon.ac.kr/aisw/etc/logind543.html]
[aisw.kangwon.ac.kr/aisw/admission/faq.html]
[aisw.kangwon.ac.kr/aisw/admission/qna.html]
[aisw.kangwon.ac.kr/aisw/etc/login5b69.html]
[aisw.kangwon.ac.kr/aisw/community/notice3eff.html]
[aisw.kangwon.ac.kr/aisw/community/noticef96c.html]
[aisw.kangwon.ac.kr/aisw/community/notice94b9.html]
[aisw.kangwon.ac.kr/aisw/community/noticee3db.html]
[aisw.kangwon.ac.kr/aisw/community/%EA%B3%B5%EA%B2%B0%EC%8B%A0%EC%B2%AD%EC%84%9C%28%EC%84%9C%EC%8B%9D%2962ff.hwp]
[aisw.kangwon.ac.kr/aisw/community/notice8916.html]
[aisw.kangwon.ac.kr/aisw/community/%EC%8A%A4%EB%A7%88%ED%8A%B8%EC%BA%A0%ED%8D%BC%EC%8A%A4e%EB%A3%A8%EB%A6%AC_%ED%95%99%EC%8A%B5%EC%9E%90_%EC%82%AC%EC%9A%A9%EC%95%88%EB%82%B4%EC%84%9C2202211a5f.pdf]
[aisw.kangwon.ac.kr/aisw/community/noticee8d1.html]
[aisw.kangwon.ac.kr/aisw/community/1.%ED%95%99%EB%B2%88%EB%B3%84 %EC%A1%B8%EC%97%85%EC%82%AC%EC%A0%95 %EA%B8%B0%EC%A4%80%2822.2.9%29d435.hwp]
[aisw.kangwon.ac.kr/_attach/knu/editor-image/2022/02/aSCYLWaxHqBunQYdrtgROHVuPh.png]
[aisw.kangwon.ac.kr/aisw/community/notice1acc.html]
[aisw.kangwon.ac.kr/aisw/community/2022%EC%8B%9C%EA%B0%84%ED%91%9C%28%EC%B5%9C%EC%A2%85-2.24%2946a4.xlsx]
[aisw.kangwon.ac.kr/aisw/community/notice9950.html]
[aisw.kangwon.ac.kr/aisw/community/%EB%B6%99%EC%9E%841. 2022%ED%95%99%EB%85%84%EB%8F%84 1%ED%95%99%EA%B8%B0 %EC%9E%AC%ED%95%99%EC%83%9D %EC%88%98%EA%B0%95%EC%8B%A0%EC%B2%AD %EC%95%88%EB%82%B4%EB%AC%B801c9.hwp]
[aisw.kangwon.ac.kr/aisw/community/%EB%B6%99%EC%9E%842. 2022%ED%95%99%EB%85%84%EB%8F%84 1%ED%95%99%EA%B8%B0 %EC%8B%A0%EC%9E%85%EC%83%9D %EC%88%98%EA%B0%95%EC%8B%A0%EC%B2%AD %EC%95%88%EB%82%B4%EB%AC%B85446.hwp]
[aisw.kangwon.ac.kr/aisw/community/notice8e62.do]
[aisw.kangwon.ac.kr/aisw/community/%EB%B6%99%EC%9E%844. 2022%ED%95%99%EB%85%84%EB%8F%84 %ED%95%99%EC%82%AC%EA%B3%BC%EC%A0%95 %EA%B5%90%EC%9C%A1%EA%B3%BC%EC%A0%95d26a.hwp]
[aisw.kangwon.ac.kr/aisw/community/%EB%B6%99%EC%9E%845. 2022%ED%95%99%EB%85%84%EB%8F%84 %ED%95%99%EB%AC%B8%EA%B8%B0%EC%B4%88 %EC%9D%B4%EC%88%98%ED%91%9C213f.xls]
[aisw.kangwon.ac.kr/aisw/community/noticece7c.html]
[aisw.kangwon.ac.kr/aisw/community/2022.1%ED%95%99%EA%B8%B0 %EC%9E%AC%ED%95%99%EC%83%9D %EB%93%B1%EB%A1%9D%EA%B8%88 %EC%88%98%EB%82%A9%EA%B3%84%ED%9A%8D64df.hwp]
[aisw.kangwon.ac.kr/aisw/community/2022%ED%95%99%EB%85%84%EB%8F%84 %EB%93%B1%EB%A1%9D%EA%B8%88 %EB%82%A9%EC%9E%85%EC%95%A1%ED%91%9C0275.hwp]
[aisw.kangwon.ac.kr/aisw/community/noticebcfc.html]
[aisw.kangwon.ac.kr/aisw/community/noticecb1e.html]
[aisw.kangwon.ac.kr/aisw/community/noticea927.html]
[aisw.kangwon.ac.kr/_res/knu/_share/img/board/ico-writer01.gif]
[aisw.kangwon.ac.kr/_res/knu/_share/img/board/ico-date01.gif]
[aisw.kangwon.ac.kr/_res/knu/_share/css/img01-018aa7.css]
[aisw.kangwon.ac.kr/_res/knu/_share/img/board/ico-hit01.gif]
[aisw.kangwon.ac.kr/_res/knu/_share/css/swiper.min9aad.css]
[aisw.kangwon.ac.kr/aisw/etc/logind8e3.html]
[aisw.kangwon.ac.kr/_attach/knu/image/2022/02/obvkoWBmJiRaibaOtHJMvoLfme.png]
[aisw.kangwon.ac.kr/aisw/community/gallerya089.html]
[aisw.kangwon.ac.kr/_attach/knu/image/2021/12/xhiJYODgdyzQpjkSgSjafTfVhz.jpg]
[aisw.kangwon.ac.kr/aisw/community/gallery3871.html]
[aisw.kangwon.ac.kr/_attach/knu/image/2021/12/CXsafMpBDZECXcGjcHtmavHuGm.jpg]
[aisw.kangwon.ac.kr/aisw/community/gallery059c.html]
[aisw.kangwon.ac.kr/aisw/community/gallerya927.html]
[aisw.kangwon.ac.kr/aisw/etc/loginecfc.html]
[aisw.kangwon.ac.kr/aisw/community/%EA%B3%B5%EA%B2%B0%EC%8B%A0%EC%B2%AD%EC%84%9C%28%EC%84%9C%EC%8B%9D%29a787.hwp]
[aisw.kangwon.ac.kr/aisw/community/reference-roombe8d.html]
[aisw.kangwon.ac.kr/aisw/community/reference-rooma927.html]
[aisw.kangwon.ac.kr/_res/knu/_share/css/loginac94.css]
[aisw.kangwon.ac.kr/aisw/etc/loginba88.html]
[aisw.kangwon.ac.kr/aisw/community/notice6a07.html]
[aisw.kangwon.ac.kr/_res/knu/_share/img/common/bg-top-w.html]
[aisw.kangwon.ac.kr/_res/knu/_share/img/board/ico-sns04.html]
[aisw.kangwon.ac.kr/_res/knu/_share/img/board/ico-sns05.html]
[aisw.kangwon.ac.kr/_res/knu/_share/img/board/ico-sns06.html]
[aisw.kangwon.ac.kr/_res/knu/_share/img/board/btn-sel-close02.html]
[aisw.kangwon.ac.kr/_custom/knu/resource/img/file_icon.html]
[aisw.kangwon.ac.kr/_custom/knu/resource/img/attach_bmp.html]
[aisw.kangwon.ac.kr/_custom/knu/resource/img/attach_doc.html]
[aisw.kangwon.ac.kr/_custom/knu/resource/img/attach_docx.html]
[aisw.kangwon.ac.kr/_custom/knu/resource/img/attach_gif.html]
[aisw.kangwon.ac.kr/_custom/knu/resource/img/attach_hwp.html]
[aisw.kangwon.ac.kr/_custom/knu/resource/img/attach_jpg.html]
[aisw.kangwon.ac.kr/_custom/knu/resource/img/attach_pdf.html]
[aisw.kangwon.ac.kr/_custom/knu/resource/img/attach_png.html]
[aisw.kangwon.ac.kr/_custom/knu/resource/img/attach_ppt.html]
[aisw.kangwon.ac.kr/_custom/knu/resource/img/attach_pptx.html]
[aisw.kangwon.ac.kr/_custom/knu/resource/img/attach_txt.html]
[aisw.kangwon.ac.kr/_custom/knu/resource/img/attach_xls.html]
[aisw.kangwon.ac.kr/_custom/knu/resource/img/attach_xlsx.html]
[aisw.kangwon.ac.kr/_custom/knu/resource/img/attach_zip.html]
[aisw.kangwon.ac.kr/_custom/knu/resource/index-2.html]
[aisw.kangwon.ac.kr/aisw/professor/professor18c3.html]
[aisw.kangwon.ac.kr/aisw/professor/professor064f.html]
[aisw.kangwon.ac.kr/aisw/professor/professor58fd.html]
[aisw.kangwon.ac.kr/aisw/professor/professorf094.html]
[aisw.kangwon.ac.kr/aisw/professor/professorc1d3.html]
[aisw.kangwon.ac.kr/aisw/professor/professor27b9.html]
[aisw.kangwon.ac.kr/aisw/professor/professorefa5.html]
[aisw.kangwon.ac.kr/aisw/professor/professor111c.html]
[aisw.kangwon.ac.kr/aisw/professor/professor14f9.html]
[aisw.kangwon.ac.kr/aisw/professor/professor8934.html]
[aisw.kangwon.ac.kr/aisw/professor/emeritus-professor18c3.html]
[aisw.kangwon.ac.kr/app/board/attach/viewerd693.html]
[aisw.kangwon.ac.kr/app/board/attach/viewer551c.html]
[aisw.kangwon.ac.kr/aisw/bachelor/curriculum6a07.html]
[aisw.kangwon.ac.kr/app/board/attach/viewer1851.html]
[aisw.kangwon.ac.kr/app/board/attach/viewer864b.html]
[aisw.kangwon.ac.kr/app/board/attach/viewer79af.html]
[aisw.kangwon.ac.kr/app/board/attach/viewer3be9.html]
[aisw.kangwon.ac.kr/_res/knu/_share/css/fullcalendarf771.css]
[aisw.kangwon.ac.kr/_res/knu/_share/img/board/b-ico-btn-next.png]
[aisw.kangwon.ac.kr/_res/knu/_share/img/board/b-ico-btn-prev.png]
[aisw.kangwon.ac.kr/_res/knu/_share/img/board/btn-all-menu-close.png]
[aisw.kangwon.ac.kr/_res/knu/_share/css/calendar015871.css]
[aisw.kangwon.ac.kr/aisw/bachelor/calendar57f5.html]
[aisw.kangwon.ac.kr/aisw/bachelor/calendar1e7e.html]
[aisw.kangwon.ac.kr/aisw/bachelor/calendarb2dd.html]
[aisw.kangwon.ac.kr/aisw/bachelor/calendar1766.html]
[aisw.kangwon.ac.kr/aisw/bachelor/calendar9c8e.html]
[aisw.kangwon.ac.kr/aisw/bachelor/calendareaf6.html]
[aisw.kangwon.ac.kr/aisw/bachelor/calendar98ab.html]
[aisw.kangwon.ac.kr/aisw/bachelor/calendardc20.html]
[aisw.kangwon.ac.kr/aisw/bachelor/calendare5fe.html]
[aisw.kangwon.ac.kr/aisw/bachelor/calendar0c2a.html]
[aisw.kangwon.ac.kr/aisw/bachelor/calendar9d84.html]
[aisw.kangwon.ac.kr/aisw/bachelor/calendara9e1.html]
[aisw.kangwon.ac.kr/aisw/bachelor/calendar373e.html]
[aisw.kangwon.ac.kr/aisw/bachelor/calendar3f57.html]
[aisw.kangwon.ac.kr/aisw/bachelor/calendar34c5.html]
[aisw.kangwon.ac.kr/aisw/bachelor/calendaree59.html]
[aisw.kangwon.ac.kr/aisw/bachelor/calendarb0ac.html]
[aisw.kangwon.ac.kr/aisw/bachelor/calendar786f.html]
[aisw.kangwon.ac.kr/aisw/bachelor/calendar2951.html]
[aisw.kangwon.ac.kr/aisw/bachelor/calendar37c1.html]
[aisw.kangwon.ac.kr/aisw/bachelor/calendar5faa.html]
[aisw.kangwon.ac.kr/aisw/bachelor/calendarffcf.html]
[aisw.kangwon.ac.kr/aisw/bachelor/calendar7019.html]
[aisw.kangwon.ac.kr/aisw/bachelor/calendarcdeb.html]
[aisw.kangwon.ac.kr/aisw/bachelor/calendarc031.html]
[aisw.kangwon.ac.kr/aisw/bachelor/calendareb56.html]
[aisw.kangwon.ac.kr/aisw/bachelor/calendar64c4.html]
[aisw.kangwon.ac.kr/aisw/bachelor/calendar935a.html]
[aisw.kangwon.ac.kr/aisw/bachelor/calendar1078.html]
[aisw.kangwon.ac.kr/_res/knu/_share/img/board/btn_faq_open.gif]
[aisw.kangwon.ac.kr/_res/knu/_share/img/board/btn_faq_close.gif]
[aisw.kangwon.ac.kr/_res/knu/_share/img/board/ico_reply.png]
[aisw.kangwon.ac.kr/_res/knu/_share/css/faq01-01b379.css]
[aisw.kangwon.ac.kr/aisw/etc/logincd08.html]
[aisw.kangwon.ac.kr/aisw/admission/faqa927.html]
[aisw.kangwon.ac.kr/aisw/etc/login7d74.html]
[aisw.kangwon.ac.kr/aisw/admission/qnaa927.html]
[aisw.kangwon.ac.kr/app/board/attach/viewerfd66.html]
[aisw.kangwon.ac.kr/app/board/attach/vieweraa99.html]
[aisw.kangwon.ac.kr/app/board/attach/viewer10ab.html]
[aisw.kangwon.ac.kr/app/board/attach/viewer9876.html]
[aisw.kangwon.ac.kr/app/board/attach/viewerc5d2.html]
[aisw.kangwon.ac.kr/app/board/attach/viewerc17b.html]
[aisw.kangwon.ac.kr/app/board/attach/viewer16d6.html]
[aisw.kangwon.ac.kr/app/board/attach/viewerb1a2.html]
[aisw.kangwon.ac.kr/app/board/attach/viewer47cf.html]
[aisw.kangwon.ac.kr/app/board/attach/viewer9a4b.html]
[aisw.kangwon.ac.kr/app/board/attach/viewer6704.html]
[aisw.kangwon.ac.kr/aisw/community/2022-1%ED%95%99%EA%B8%B0 %ED%9C%B4%ED%9E%89 %EB%B0%8F %EB%B3%B5%ED%95%99 %EC%8B%A0%EC%B2%AD %EC%95%88%EB%82%B4%28%EC%82%BC%EC%B2%99%EC%BA%A0%ED%8D%BC%EC%8A%A4%294870.hwp]
[aisw.kangwon.ac.kr/aisw/community/noticeb4ce.html]
[aisw.kangwon.ac.kr/aisw/community/notice4df1.html]
[aisw.kangwon.ac.kr/aisw/community/notice6b6c.html]
[aisw.kangwon.ac.kr/aisw/community/2021%ED%95%99%EB%85%84%EB%8F%84 %EB%8F%99%EA%B3%84 %EA%B3%84%EC%A0%88%EC%88%98%EC%97%85 %EC%88%98%EA%B0%95%EB%A3%8C %EB%82%A9%EB%B6%80%EC%95%88%EB%82%B4ba7b.hwp]
[aisw.kangwon.ac.kr/aisw/community/notice7b4c.html]
[aisw.kangwon.ac.kr/aisw/community/2022%ED%95%99%EB%85%84%EB%8F%84 %EC%A0%84%EA%B3%BC %EB%AA%A8%EC%A7%91 %EA%B3%B5%EA%B3%A016b7.hwp]
[aisw.kangwon.ac.kr/aisw/community/2022%ED%95%99%EB%85%84%EB%8F%84 %EC%A0%84%EA%B3%BC%EB%AA%A8%EC%A7%91%EC%9D%B8%EC%9B%90 %EB%B0%8F %EC%A0%84%ED%98%95%EB%B0%A9%EB%B2%95%28%EA%B3%B5%EA%B3%A0%29caa1.xlsx]
[aisw.kangwon.ac.kr/aisw/community/noticedcf7.html]
[aisw.kangwon.ac.kr/aisw/community/2021%ED%95%99%EB%85%84%EB%8F%84 %EB%8F%99%EA%B3%84 %EA%B3%84%EC%A0%88%EC%88%98%EC%97%85 %EC%9A%B4%EC%98%81 %EA%B3%84%ED%9A%8Da0f4.hwp]
[aisw.kangwon.ac.kr/aisw/community/%282021-%EB%8F%99%EA%B3%84%29 %EA%B5%90%EA%B3%BC%EB%AA%A9 %EA%B0%9C%EC%84%A4 %ED%98%84%ED%99%A9%28%EC%82%BC%EC%B2%99%29aad6.xlsx]
[aisw.kangwon.ac.kr/aisw/community/noticee95e.html]
[aisw.kangwon.ac.kr/aisw/community/2022%ED%95%99%EB%85%84%EB%8F%84 %EB%B6%80%C2%B7%EB%B3%B5%EC%88%98%EC%A0%84%EA%B3%B5 %EC%84%A0%EB%B0%9C %EA%B3%84%ED%9A%8D %EC%95%88%EB%82%B47bc1.zip]
[aisw.kangwon.ac.kr/aisw/community/notice6764.html]
[aisw.kangwon.ac.kr/aisw/community/%EB%AF%B8%EB%9E%98%EC%9C%B5%ED%95%A9%EA%B0%80%EC%83%81%ED%95%99%EA%B3%BC %ED%99%8D%EB%B3%B4Daye2a5.jpg]
[aisw.kangwon.ac.kr/aisw/community/%EB%AF%B8%EB%9E%98%EC%9C%B5%ED%95%A9%EA%B0%80%EC%83%81%ED%95%99%EA%B3%BC %EB%A6%AC%ED%94%8C%EB%A0%9B70fc.jpg]
[aisw.kangwon.ac.kr/aisw/community/notice92c1.html]
[aisw.kangwon.ac.kr/aisw/community/noticeeefd.html]
[aisw.kangwon.ac.kr/aisw/community/galleryd11a.html]
[aisw.kangwon.ac.kr/app/board/attach/viewerefee.html]
[aisw.kangwon.ac.kr/aisw/community/reference-room6a07.html]
[aisw.kangwon.ac.kr/_res/knu/_share/css/board.css]
[aisw.kangwon.ac.kr/aisw/professor/professor521c.html]
[aisw.kangwon.ac.kr/aisw/professor/professor5b3d.html]
[aisw.kangwon.ac.kr/aisw/professor/professor4a60.html]
[aisw.kangwon.ac.kr/aisw/professor/professorb425.html]
[aisw.kangwon.ac.kr/aisw/professor/professor32c8.html]
[aisw.kangwon.ac.kr/aisw/professor/professor5b6b.html]
[aisw.kangwon.ac.kr/aisw/professor/professor1867.html]
[aisw.kangwon.ac.kr/aisw/professor/professor86cf.html]
[aisw.kangwon.ac.kr/aisw/professor/professor7606.html]
[aisw.kangwon.ac.kr/aisw/professor/professoreec3.html]
[aisw.kangwon.ac.kr/aisw/professor/professorfac7.html]
[aisw.kangwon.ac.kr/aisw/professor/professoreb61.html]
[aisw.kangwon.ac.kr/aisw/professor/professore4a5.html]
[aisw.kangwon.ac.kr/aisw/bachelor/calendar2e3e.html]
[aisw.kangwon.ac.kr/aisw/bachelor/calendard344.html]
[aisw.kangwon.ac.kr/aisw/bachelor/calendar0cb2.html]
[aisw.kangwon.ac.kr/aisw/bachelor/calendar8f52.html]
[aisw.kangwon.ac.kr/aisw/bachelor/calendar6ae2.html]
[aisw.kangwon.ac.kr/aisw/bachelor/calendar576b.html]
[aisw.kangwon.ac.kr/aisw/bachelor/calendar16ae.html]
[aisw.kangwon.ac.kr/aisw/bachelor/calendar26fb.html]
[aisw.kangwon.ac.kr/aisw/bachelor/calendare892.html]
[aisw.kangwon.ac.kr/aisw/bachelor/calendar85aa.html]
[aisw.kangwon.ac.kr/aisw/bachelor/calendar9879.html]
[aisw.kangwon.ac.kr/aisw/bachelor/calendar2888.html]
[aisw.kangwon.ac.kr/aisw/bachelor/calendar510e.html]
[aisw.kangwon.ac.kr/aisw/bachelor/calendar4a53.html]
[aisw.kangwon.ac.kr/aisw/bachelor/calendar9f82.html]
[aisw.kangwon.ac.kr/aisw/bachelor/calendar84a3.html]
[aisw.kangwon.ac.kr/aisw/bachelor/calendar77dd.html]
[aisw.kangwon.ac.kr/aisw/bachelor/calendar43ae.html]
[aisw.kangwon.ac.kr/aisw/bachelor/calendar0add.html]
[aisw.kangwon.ac.kr/aisw/bachelor/calendare912.html]
[aisw.kangwon.ac.kr/aisw/bachelor/calendarfd3c.html]
[aisw.kangwon.ac.kr/aisw/bachelor/calendardaa6.html]
[aisw.kangwon.ac.kr/aisw/bachelor/calendar78f4.html]
[aisw.kangwon.ac.kr/aisw/bachelor/calendar7119.html]
[aisw.kangwon.ac.kr/aisw/bachelor/calendar5ef0.html]
[aisw.kangwon.ac.kr/aisw/bachelor/calendar5672.html]
[aisw.kangwon.ac.kr/aisw/bachelor/calendar19de.html]
[aisw.kangwon.ac.kr/aisw/bachelor/calendar6400.html]
[aisw.kangwon.ac.kr/app/board/attach/viewer73e6.html]
[aisw.kangwon.ac.kr/aisw/community/notice19b4.html]
[aisw.kangwon.ac.kr/aisw/community/notice253f.html]
[aisw.kangwon.ac.kr/aisw/community/notice47c2.html]
[aisw.kangwon.ac.kr/app/board/attach/viewer0458.html]
[aisw.kangwon.ac.kr/app/board/attach/viewer4427.html]
[aisw.kangwon.ac.kr/app/board/attach/viewer2c02.html]
[aisw.kangwon.ac.kr/app/board/attach/viewer2ed2.html]
[aisw.kangwon.ac.kr/app/board/attach/viewerac0e.html]
[aisw.kangwon.ac.kr/aisw/professor/professor568b.html]
[aisw.kangwon.ac.kr/aisw/professor/professorbe66.html]
[aisw.kangwon.ac.kr/aisw/professor/professor9c1f.html]
[aisw.kangwon.ac.kr/aisw/professor/professorc88d.html]
[aisw.kangwon.ac.kr/aisw/professor/professor389c.html]
[aisw.kangwon.ac.kr/aisw/professor/professor9f36.html]
[aisw.kangwon.ac.kr/aisw/professor/professor9170.html]
[aisw.kangwon.ac.kr/aisw/professor/professor694d.html]
[aisw.kangwon.ac.kr/aisw/bachelor/calendarce21.html]
[aisw.kangwon.ac.kr/aisw/bachelor/calendara3e3.html]
[aisw.kangwon.ac.kr/aisw/bachelor/calendar59b0.html]
[aisw.kangwon.ac.kr/aisw/bachelor/calendarbe10.html]
[aisw.kangwon.ac.kr/aisw/bachelor/calendarf7e3.html]
[aisw.kangwon.ac.kr/aisw/bachelor/calendar0247.html]
[aisw.kangwon.ac.kr/aisw/bachelor/calendardc99.html]
[aisw.kangwon.ac.kr/aisw/bachelor/calendar9c7c.html]
[aisw.kangwon.ac.kr/aisw/bachelor/calendar9de9.html]
[aisw.kangwon.ac.kr/aisw/bachelor/calendar11ca.html]
[aisw.kangwon.ac.kr/aisw/bachelor/calendard1e2.html]
[aisw.kangwon.ac.kr/aisw/bachelor/calendar6bec.html]
[aisw.kangwon.ac.kr/aisw/bachelor/calendar1e27.html]
[aisw.kangwon.ac.kr/aisw/bachelor/calendarcd73.html]
[aisw.kangwon.ac.kr/aisw/bachelor/calendar0903.html]
[aisw.kangwon.ac.kr/aisw/bachelor/calendare0f0.html]
[aisw.kangwon.ac.kr/aisw/bachelor/calendarfad9.html]
[aisw.kangwon.ac.kr/aisw/bachelor/calendarfe4c.html]
[aisw.kangwon.ac.kr/aisw/bachelor/calendar725f.html]
[aisw.kangwon.ac.kr/aisw/bachelor/calendar0068.html]
[aisw.kangwon.ac.kr/aisw/bachelor/calendarb8a7.html]
[aisw.kangwon.ac.kr/aisw/bachelor/calendar45ce.html]
[aisw.kangwon.ac.kr/aisw/bachelor/calendar04b5.html]
[aisw.kangwon.ac.kr/aisw/bachelor/calendar1c07.html]
[aisw.kangwon.ac.kr/aisw/bachelor/calendar320b.html]
[aisw.kangwon.ac.kr/aisw/bachelor/calendar8e35.html]
[aisw.kangwon.ac.kr/aisw/bachelor/calendarc681.html]
[aisw.kangwon.ac.kr/aisw/bachelor/calendarb349.html]
[aisw.kangwon.ac.kr/aisw/community/notice72ed.html]
[aisw.kangwon.ac.kr/aisw/community/noticef32f.html]
[aisw.kangwon.ac.kr/aisw/bachelor/calendar3334.html]
[aisw.kangwon.ac.kr/aisw/bachelor/calendarc7f9.html]
[aisw.kangwon.ac.kr/aisw/bachelor/calendardace.html]
[aisw.kangwon.ac.kr/aisw/bachelor/calendarc43a.html]
[aisw.kangwon.ac.kr/aisw/bachelor/calendar421e.html]
[aisw.kangwon.ac.kr/aisw/bachelor/calendar17e6.html]
[aisw.kangwon.ac.kr/aisw/bachelor/calendarb0ca.html]
[aisw.kangwon.ac.kr/aisw/bachelor/calendar9ee5.html]
[aisw.kangwon.ac.kr/aisw/bachelor/calendar828f.html]
[aisw.kangwon.ac.kr/aisw/bachelor/calendar8f8d.html]
[aisw.kangwon.ac.kr/aisw/bachelor/calendar6d26.html]
[aisw.kangwon.ac.kr/aisw/bachelor/calendar0c46.html]
[aisw.kangwon.ac.kr/aisw/bachelor/calendar5733.html]
[aisw.kangwon.ac.kr/aisw/bachelor/calendar37ef.html]
[aisw.kangwon.ac.kr/aisw/bachelor/calendar9aa3.html]
[aisw.kangwon.ac.kr/aisw/bachelor/calendar3862.html]
[aisw.kangwon.ac.kr/aisw/bachelor/calendar67e7.html]
[aisw.kangwon.ac.kr/aisw/bachelor/calendar709d.html]
[aisw.kangwon.ac.kr/aisw/bachelor/calendarf331.html]
[aisw.kangwon.ac.kr/aisw/bachelor/calendar9d74.html]
[aisw.kangwon.ac.kr/aisw/bachelor/calendar42c8.html]
[aisw.kangwon.ac.kr/aisw/bachelor/calendarc1b2.html]
[aisw.kangwon.ac.kr/aisw/bachelor/calendar0b89.html]
[aisw.kangwon.ac.kr/aisw/bachelor/calendare7f5.html]
[aisw.kangwon.ac.kr/aisw/bachelor/calendar5267.html]
[aisw.kangwon.ac.kr/aisw/bachelor/calendard2dd.html]
[aisw.kangwon.ac.kr/aisw/bachelor/calendardafc.html]
[aisw.kangwon.ac.kr/aisw/bachelor/calendara96c.html]
[aisw.kangwon.ac.kr/aisw/community/notice11bd.html]
[aisw.kangwon.ac.kr/aisw/community/notice18be.html]
[aisw.kangwon.ac.kr/aisw/bachelor/calendard533.html]
[aisw.kangwon.ac.kr/aisw/bachelor/calendar9295.html]
[aisw.kangwon.ac.kr/aisw/bachelor/calendard4c7.html]
[aisw.kangwon.ac.kr/aisw/bachelor/calendar54bf.html]
[aisw.kangwon.ac.kr/aisw/bachelor/calendar943b.html]
[aisw.kangwon.ac.kr/aisw/bachelor/calendarff83.html]
[aisw.kangwon.ac.kr/aisw/bachelor/calendarbd03.html]
[aisw.kangwon.ac.kr/aisw/bachelor/calendare0f9.html]
[aisw.kangwon.ac.kr/aisw/bachelor/calendar4504.html]
[aisw.kangwon.ac.kr/aisw/bachelor/calendar0a5b.html]
[aisw.kangwon.ac.kr/aisw/bachelor/calendarac63.html]
[aisw.kangwon.ac.kr/aisw/bachelor/calendarf413.html]
[aisw.kangwon.ac.kr/aisw/bachelor/calendard956.html]
[aisw.kangwon.ac.kr/aisw/bachelor/calendar12db.html]
[aisw.kangwon.ac.kr/aisw/bachelor/calendar78f5.html]
[aisw.kangwon.ac.kr/aisw/bachelor/calendar6eef.html]
[aisw.kangwon.ac.kr/aisw/bachelor/calendar67d2.html]
[aisw.kangwon.ac.kr/aisw/bachelor/calendar6efb.html]
[aisw.kangwon.ac.kr/aisw/bachelor/calendar2ee2.html]
[aisw.kangwon.ac.kr/aisw/bachelor/calendarcc91.html]
[aisw.kangwon.ac.kr/aisw/bachelor/calendaraa1d.html]
[aisw.kangwon.ac.kr/aisw/bachelor/calendar3ed9.html]
[aisw.kangwon.ac.kr/aisw/bachelor/calendar7933.html]
[aisw.kangwon.ac.kr/aisw/bachelor/calendar2b9c.html]
[aisw.kangwon.ac.kr/aisw/bachelor/calendar35a1.html]
[aisw.kangwon.ac.kr/aisw/bachelor/calendarbcff.html]
[aisw.kangwon.ac.kr/aisw/bachelor/calendarb6aa.html]
[aisw.kangwon.ac.kr/aisw/bachelor/calendar12f0.html]
[aisw.kangwon.ac.kr/aisw/community/notice7770.html]
[aisw.kangwon.ac.kr/aisw/community/notice0cc8.html]
[aisw.kangwon.ac.kr/aisw/bachelor/calendarf78c.html]
[aisw.kangwon.ac.kr/aisw/bachelor/calendar28dc.html]
[aisw.kangwon.ac.kr/aisw/bachelor/calendar8631.html]
[aisw.kangwon.ac.kr/aisw/bachelor/calendarb5b1.html]
[aisw.kangwon.ac.kr/aisw/bachelor/calendar43a5.html]
[aisw.kangwon.ac.kr/aisw/bachelor/calendar2519.html]
[aisw.kangwon.ac.kr/aisw/bachelor/calendar7275.html]
[aisw.kangwon.ac.kr/aisw/bachelor/calendarb553.html]
[aisw.kangwon.ac.kr/aisw/bachelor/calendarff71.html]
[aisw.kangwon.ac.kr/aisw/bachelor/calendaraeb3.html]
[aisw.kangwon.ac.kr/aisw/bachelor/calendar76a9.html]
[aisw.kangwon.ac.kr/aisw/bachelor/calendarcc91-2.html]
[aisw.kangwon.ac.kr/aisw/bachelor/calendaraab9.html]
[aisw.kangwon.ac.kr/aisw/bachelor/calendar886e.html]
[aisw.kangwon.ac.kr/aisw/bachelor/calendar241a.html]
[aisw.kangwon.ac.kr/aisw/bachelor/calendar9879-2.html]
[aisw.kangwon.ac.kr/aisw/bachelor/calendar13bb.html]
[aisw.kangwon.ac.kr/aisw/bachelor/calendar19b8.html]
[aisw.kangwon.ac.kr/aisw/bachelor/calendara75b.html]
[aisw.kangwon.ac.kr/aisw/bachelor/calendar10ad.html]
[aisw.kangwon.ac.kr/aisw/bachelor/calendar71be.html]
[aisw.kangwon.ac.kr/aisw/bachelor/calendar8741.html]
[aisw.kangwon.ac.kr/aisw/bachelor/calendar7ecf.html]
[aisw.kangwon.ac.kr/aisw/bachelor/calendar6827.html]
[aisw.kangwon.ac.kr/aisw/bachelor/calendarc8cc.html]
[aisw.kangwon.ac.kr/aisw/bachelor/calendardf69.html]
[aisw.kangwon.ac.kr/aisw/bachelor/calendarb3f4.html]
[aisw.kangwon.ac.kr/aisw/bachelor/calendare99d.html]
[aisw.kangwon.ac.kr/aisw/community/notice49b3.html]
[aisw.kangwon.ac.kr/aisw/community/noticeb89f.html]
[aisw.kangwon.ac.kr/aisw/bachelor/calendarc31d.html]
[aisw.kangwon.ac.kr/aisw/bachelor/calendard9dd.html]
[aisw.kangwon.ac.kr/aisw/bachelor/calendarf0dd.html]
[aisw.kangwon.ac.kr/aisw/bachelor/calendarf8c7.html]
[aisw.kangwon.ac.kr/aisw/bachelor/calendar92dd.html]
[aisw.kangwon.ac.kr/aisw/bachelor/calendarf869.html]
[aisw.kangwon.ac.kr/aisw/bachelor/calendar0165.html]
[aisw.kangwon.ac.kr/aisw/bachelor/calendarf0f5.html]
[aisw.kangwon.ac.kr/aisw/bachelor/calendar205c.html]
[aisw.kangwon.ac.kr/aisw/bachelor/calendar3bbe.html]
[aisw.kangwon.ac.kr/aisw/bachelor/calendar1bf9.html]
[aisw.kangwon.ac.kr/aisw/bachelor/calendardf31.html]
[aisw.kangwon.ac.kr/aisw/bachelor/calendar9d81.html]
[aisw.kangwon.ac.kr/aisw/bachelor/calendar5a18.html]
[aisw.kangwon.ac.kr/aisw/bachelor/calendare018.html]
[aisw.kangwon.ac.kr/aisw/bachelor/calendar350f.html]
[aisw.kangwon.ac.kr/aisw/bachelor/calendar160a.html]
[aisw.kangwon.ac.kr/aisw/bachelor/calendar90e8.html]
[aisw.kangwon.ac.kr/aisw/bachelor/calendard0ab.html]
[aisw.kangwon.ac.kr/aisw/bachelor/calendar6f8a.html]
[aisw.kangwon.ac.kr/aisw/bachelor/calendar150a.html]
[aisw.kangwon.ac.kr/aisw/bachelor/calendard690.html]
[aisw.kangwon.ac.kr/aisw/bachelor/calendar9b4f.html]
[aisw.kangwon.ac.kr/aisw/bachelor/calendar7527.html]
[aisw.kangwon.ac.kr/aisw/bachelor/calendaraf3b.html]
[aisw.kangwon.ac.kr/aisw/bachelor/calendard13f.html]
[aisw.kangwon.ac.kr/aisw/bachelor/calendar337d.html]
[aisw.kangwon.ac.kr/aisw/bachelor/calendar6a2f.html]
[aisw.kangwon.ac.kr/aisw/community/noticeaba1.html]
[aisw.kangwon.ac.kr/aisw/community/notice6271.html]
[aisw.kangwon.ac.kr/aisw/bachelor/calendarc3e8.html]
[aisw.kangwon.ac.kr/aisw/bachelor/calendar99e7.html]
[aisw.kangwon.ac.kr/aisw/bachelor/calendard636.html]
[aisw.kangwon.ac.kr/aisw/bachelor/calendara3f5.html]
[aisw.kangwon.ac.kr/aisw/bachelor/calendara9f9.html]
[aisw.kangwon.ac.kr/aisw/bachelor/calendard97c.html]
[aisw.kangwon.ac.kr/aisw/bachelor/calendar5692.html]
[aisw.kangwon.ac.kr/aisw/bachelor/calendarb419.html]
[aisw.kangwon.ac.kr/aisw/bachelor/calendarf8d0.html]
[aisw.kangwon.ac.kr/aisw/bachelor/calendar1a88.html]
[aisw.kangwon.ac.kr/aisw/bachelor/calendara8f4.html]
[aisw.kangwon.ac.kr/aisw/bachelor/calendarbf9e.html]
[aisw.kangwon.ac.kr/aisw/bachelor/calendar0804.html]
[aisw.kangwon.ac.kr/aisw/bachelor/calendar4da8.html]
[aisw.kangwon.ac.kr/aisw/bachelor/calendara468.html]
[aisw.kangwon.ac.kr/aisw/bachelor/calendare21d.html]
[aisw.kangwon.ac.kr/aisw/bachelor/calendar5e3d.html]
[aisw.kangwon.ac.kr/aisw/bachelor/calendarc464.html]
[aisw.kangwon.ac.kr/aisw/bachelor/calendarc5f3.html]
[aisw.kangwon.ac.kr/aisw/bachelor/calendar16b5.html]
[aisw.kangwon.ac.kr/aisw/bachelor/calendar9b3d.html]
[aisw.kangwon.ac.kr/aisw/bachelor/calendar1867.html]
[aisw.kangwon.ac.kr/aisw/bachelor/calendar73ee.html]
[aisw.kangwon.ac.kr/aisw/bachelor/calendar9f86.html]
[aisw.kangwon.ac.kr/aisw/bachelor/calendara374.html]
[aisw.kangwon.ac.kr/aisw/bachelor/calendarefbc.html]
[aisw.kangwon.ac.kr/aisw/bachelor/calendare41a.html]
[aisw.kangwon.ac.kr/aisw/bachelor/calendarf5ed.html]
[aisw.kangwon.ac.kr/aisw/community/notice754f.html]
[aisw.kangwon.ac.kr/aisw/bachelor/calendareee5.html]
[aisw.kangwon.ac.kr/aisw/bachelor/calendare638.html]
[aisw.kangwon.ac.kr/aisw/bachelor/calendarb463.html]
[aisw.kangwon.ac.kr/aisw/bachelor/calendard7a1.html]
[aisw.kangwon.ac.kr/aisw/bachelor/calendar91f6.html]
[aisw.kangwon.ac.kr/aisw/bachelor/calendarf620.html]
[aisw.kangwon.ac.kr/aisw/bachelor/calendarade0.html]
[aisw.kangwon.ac.kr/aisw/bachelor/calendare687.html]
[aisw.kangwon.ac.kr/aisw/bachelor/calendar2a02.html]
[aisw.kangwon.ac.kr/aisw/bachelor/calendar1818.html]
[aisw.kangwon.ac.kr/aisw/bachelor/calendar0dbc.html]
[aisw.kangwon.ac.kr/aisw/bachelor/calendar4fe0.html]
[aisw.kangwon.ac.kr/aisw/bachelor/calendar5c4b.html]
[aisw.kangwon.ac.kr/aisw/bachelor/calendar197e.html]
[aisw.kangwon.ac.kr/aisw/bachelor/calendar4c73.html]
[aisw.kangwon.ac.kr/aisw/bachelor/calendard5f6.html]
[aisw.kangwon.ac.kr/aisw/bachelor/calendarb2fa.html]
[aisw.kangwon.ac.kr/aisw/bachelor/calendar3a76.html]
[aisw.kangwon.ac.kr/aisw/bachelor/calendar8fc9.html]
[aisw.kangwon.ac.kr/aisw/bachelor/calendara7c7.html]
[aisw.kangwon.ac.kr/aisw/bachelor/calendarafe6.html]
[aisw.kangwon.ac.kr/aisw/bachelor/calendar2912.html]
[aisw.kangwon.ac.kr/aisw/bachelor/calendar0cb4.html]
[aisw.kangwon.ac.kr/aisw/bachelor/calendar9f36.html]
[aisw.kangwon.ac.kr/aisw/bachelor/calendar2c15.html]
[aisw.kangwon.ac.kr/aisw/bachelor/calendardaf0.html]
[aisw.kangwon.ac.kr/aisw/bachelor/calendar56f2.html]
[aisw.kangwon.ac.kr/aisw/bachelor/calendaref61.html]
[aisw.kangwon.ac.kr/aisw/community/notice6709.html]
[aisw.kangwon.ac.kr/aisw/bachelor/calendar2ce8.html]
[aisw.kangwon.ac.kr/aisw/bachelor/calendar0eb1.html]
[aisw.kangwon.ac.kr/aisw/bachelor/calendard0f5.html]
[aisw.kangwon.ac.kr/aisw/bachelor/calendar9ead.html]
[aisw.kangwon.ac.kr/aisw/bachelor/calendar6248.html]
[aisw.kangwon.ac.kr/aisw/bachelor/calendar1864.html]
[aisw.kangwon.ac.kr/aisw/bachelor/calendare010.html]
[aisw.kangwon.ac.kr/aisw/bachelor/calendar1cff.html]
[aisw.kangwon.ac.kr/aisw/bachelor/calendar00c6.html]
[aisw.kangwon.ac.kr/aisw/bachelor/calendar1ca4.html]
[aisw.kangwon.ac.kr/aisw/bachelor/calendar613a.html]
[aisw.kangwon.ac.kr/aisw/bachelor/calendar2245.html]
[aisw.kangwon.ac.kr/aisw/bachelor/calendar736b.html]
[aisw.kangwon.ac.kr/aisw/bachelor/calendar9aa6.html]
[aisw.kangwon.ac.kr/aisw/bachelor/calendara0e1.html]
[aisw.kangwon.ac.kr/aisw/bachelor/calendar09ed.html]
[aisw.kangwon.ac.kr/aisw/bachelor/calendar1543.html]
[aisw.kangwon.ac.kr/aisw/bachelor/calendar90cf.html]
[aisw.kangwon.ac.kr/aisw/bachelor/calendar2156.html]
[aisw.kangwon.ac.kr/aisw/bachelor/calendarbf57.html]
[aisw.kangwon.ac.kr/aisw/bachelor/calendar264f.html]
[aisw.kangwon.ac.kr/aisw/bachelor/calendarff67.html]
[aisw.kangwon.ac.kr/aisw/bachelor/calendara29f.html]
[aisw.kangwon.ac.kr/aisw/bachelor/calendarbbc4.html]
[aisw.kangwon.ac.kr/aisw/bachelor/calendar51db.html]
[aisw.kangwon.ac.kr/aisw/bachelor/calendar9a8e.html]
[aisw.kangwon.ac.kr/aisw/bachelor/calendar1221.html]
[aisw.kangwon.ac.kr/aisw/bachelor/calendara4cd.html]
[aisw.kangwon.ac.kr/aisw/community/notice2f25.html]
[aisw.kangwon.ac.kr/aisw/bachelor/calendar23dd.html]
[aisw.kangwon.ac.kr/aisw/bachelor/calendarc851.html]
[aisw.kangwon.ac.kr/aisw/bachelor/calendara455.html]
[aisw.kangwon.ac.kr/aisw/bachelor/calendar704a.html]
[aisw.kangwon.ac.kr/aisw/bachelor/calendaraeb1.html]
[aisw.kangwon.ac.kr/aisw/bachelor/calendarec6f.html]
[aisw.kangwon.ac.kr/aisw/bachelor/calendar6cc1.html]
[aisw.kangwon.ac.kr/aisw/bachelor/calendar8359.html]
[aisw.kangwon.ac.kr/aisw/bachelor/calendarf6f6.html]
[aisw.kangwon.ac.kr/aisw/bachelor/calendare3a3.html]
[aisw.kangwon.ac.kr/aisw/bachelor/calendarc14d.html]
[aisw.kangwon.ac.kr/aisw/bachelor/calendar81d6.html]
[aisw.kangwon.ac.kr/aisw/bachelor/calendar6c27.html]
[aisw.kangwon.ac.kr/aisw/bachelor/calendar93b3.html]
[aisw.kangwon.ac.kr/aisw/bachelor/calendar2f95.html]
[aisw.kangwon.ac.kr/aisw/bachelor/calendar9cfb.html]
[aisw.kangwon.ac.kr/aisw/bachelor/calendarbb21.html]
[aisw.kangwon.ac.kr/aisw/bachelor/calendar3559.html]
[aisw.kangwon.ac.kr/aisw/bachelor/calendar01d2.html]
[aisw.kangwon.ac.kr/aisw/bachelor/calendar1cc8.html]
[aisw.kangwon.ac.kr/aisw/bachelor/calendar107c.html]
[aisw.kangwon.ac.kr/aisw/bachelor/calendar0ee5.html]
[aisw.kangwon.ac.kr/aisw/bachelor/calendar0bc4.html]
[aisw.kangwon.ac.kr/aisw/bachelor/calendar4b87.html]
[aisw.kangwon.ac.kr/aisw/bachelor/calendarb538.html]
[aisw.kangwon.ac.kr/aisw/bachelor/calendare86e.html]
[aisw.kangwon.ac.kr/aisw/bachelor/calendar59c3.html]
[aisw.kangwon.ac.kr/aisw/bachelor/calendarf611.html]
[aisw.kangwon.ac.kr/aisw/community/notice6afa.html]
[aisw.kangwon.ac.kr/aisw/bachelor/calendarf140.html]
[aisw.kangwon.ac.kr/aisw/bachelor/calendar4d70.html]
[aisw.kangwon.ac.kr/aisw/bachelor/calendare4d7.html]
[aisw.kangwon.ac.kr/aisw/bachelor/calendar6a80.html]
[aisw.kangwon.ac.kr/aisw/bachelor/calendar909c.html]
[aisw.kangwon.ac.kr/aisw/bachelor/calendar2193.html]
[aisw.kangwon.ac.kr/aisw/bachelor/calendar1217.html]
[aisw.kangwon.ac.kr/aisw/bachelor/calendar84fb.html]
[aisw.kangwon.ac.kr/aisw/bachelor/calendare84f.html]
[aisw.kangwon.ac.kr/aisw/bachelor/calendar2d99.html]
[aisw.kangwon.ac.kr/aisw/bachelor/calendar7d5e.html]
[aisw.kangwon.ac.kr/aisw/bachelor/calendar7936.html]
[aisw.kangwon.ac.kr/aisw/bachelor/calendar3ac7.html]
[aisw.kangwon.ac.kr/aisw/bachelor/calendar22b9.html]
[aisw.kangwon.ac.kr/aisw/bachelor/calendare0d5.html]
[aisw.kangwon.ac.kr/aisw/bachelor/calendarca22.html]
[aisw.kangwon.ac.kr/aisw/bachelor/calendareca8.html]
[aisw.kangwon.ac.kr/aisw/bachelor/calendara7c9.html]
[aisw.kangwon.ac.kr/aisw/bachelor/calendare4ab.html]
[aisw.kangwon.ac.kr/aisw/bachelor/calendar410b.html]
[aisw.kangwon.ac.kr/aisw/bachelor/calendarc636.html]
[aisw.kangwon.ac.kr/aisw/bachelor/calendar2628.html]
[aisw.kangwon.ac.kr/aisw/bachelor/calendar678a.html]
[aisw.kangwon.ac.kr/aisw/bachelor/calendar5c61.html]
[aisw.kangwon.ac.kr/aisw/bachelor/calendar1ecf.html]
[aisw.kangwon.ac.kr/aisw/bachelor/calendar7f8e.html]
[aisw.kangwon.ac.kr/aisw/bachelor/calendarcb27.html]
[aisw.kangwon.ac.kr/aisw/bachelor/calendar695e.html]
[aisw.kangwon.ac.kr/aisw/bachelor/calendar4065.html]
[aisw.kangwon.ac.kr/aisw/bachelor/calendar4096.html]
[aisw.kangwon.ac.kr/aisw/bachelor/calendar913e.html]
[aisw.kangwon.ac.kr/aisw/bachelor/calendar8e0f.html]
[aisw.kangwon.ac.kr/aisw/bachelor/calendar771c.html]
[aisw.kangwon.ac.kr/aisw/bachelor/calendarfdac.html]
[aisw.kangwon.ac.kr/aisw/bachelor/calendar28ac.html]
[aisw.kangwon.ac.kr/aisw/bachelor/calendar4537.html]
[aisw.kangwon.ac.kr/aisw/bachelor/calendar035c.html]
[aisw.kangwon.ac.kr/aisw/bachelor/calendar3078.html]
[aisw.kangwon.ac.kr/aisw/bachelor/calendar0081.html]
[aisw.kangwon.ac.kr/aisw/bachelor/calendarc299.html]
[aisw.kangwon.ac.kr/aisw/bachelor/calendare761.html]
[aisw.kangwon.ac.kr/aisw/bachelor/calendar4bac.html]
[aisw.kangwon.ac.kr/aisw/bachelor/calendar6f0e.html]
[aisw.kangwon.ac.kr/aisw/bachelor/calendar6d11.html]
[aisw.kangwon.ac.kr/aisw/bachelor/calendar67a1.html]
[aisw.kangwon.ac.kr/aisw/bachelor/calendar4ec9.html]
[aisw.kangwon.ac.kr/aisw/bachelor/calendar3a0f.html]
[aisw.kangwon.ac.kr/aisw/bachelor/calendare0ba.html]
[aisw.kangwon.ac.kr/aisw/bachelor/calendarc1d0.html]
[aisw.kangwon.ac.kr/aisw/bachelor/calendarfc75.html]
[aisw.kangwon.ac.kr/aisw/bachelor/calendarad30.html]
[aisw.kangwon.ac.kr/aisw/bachelor/calendar6ba8.html]
[aisw.kangwon.ac.kr/aisw/bachelor/calendareb53.html]
[aisw.kangwon.ac.kr/aisw/bachelor/calendarddcc.html]
[aisw.kangwon.ac.kr/aisw/bachelor/calendar5ebb.html]
[aisw.kangwon.ac.kr/aisw/bachelor/calendar038b.html]
[aisw.kangwon.ac.kr/aisw/bachelor/calendar5f69.html]
[aisw.kangwon.ac.kr/aisw/bachelor/calendar47bb.html]
[aisw.kangwon.ac.kr/aisw/bachelor/calendar73a8.html]
[aisw.kangwon.ac.kr/aisw/bachelor/calendar6fe4.html]
[aisw.kangwon.ac.kr/aisw/bachelor/calendara646.html]
[aisw.kangwon.ac.kr/aisw/bachelor/calendar8ba6.html]
[aisw.kangwon.ac.kr/aisw/bachelor/calendar64c5.html]
[aisw.kangwon.ac.kr/aisw/bachelor/calendar2f9f.html]
[aisw.kangwon.ac.kr/aisw/bachelor/calendar7937.html]
[aisw.kangwon.ac.kr/aisw/bachelor/calendar4435.html]
[aisw.kangwon.ac.kr/aisw/bachelor/calendarf4fa.html]
[aisw.kangwon.ac.kr/aisw/bachelor/calendarc858.html]
[aisw.kangwon.ac.kr/aisw/bachelor/calendar7db3.html]
[aisw.kangwon.ac.kr/aisw/bachelor/calendar03c7.html]
[aisw.kangwon.ac.kr/aisw/bachelor/calendarb5e0.html]
[aisw.kangwon.ac.kr/aisw/bachelor/calendard107.html]
[aisw.kangwon.ac.kr/aisw/bachelor/calendar8d73.html]
[aisw.kangwon.ac.kr/aisw/bachelor/calendarfa01.html]
[aisw.kangwon.ac.kr/aisw/bachelor/calendar7b41.html]
[aisw.kangwon.ac.kr/aisw/bachelor/calendar7f11.html]
[aisw.kangwon.ac.kr/aisw/bachelor/calendar17fb.html]
[aisw.kangwon.ac.kr/aisw/bachelor/calendar6d6d.html]
[aisw.kangwon.ac.kr/aisw/bachelor/calendar0f25.html]
[aisw.kangwon.ac.kr/aisw/bachelor/calendarfe2a.html]
[aisw.kangwon.ac.kr/aisw/bachelor/calendar0e59.html]
[aisw.kangwon.ac.kr/aisw/bachelor/calendarece2.html]
[aisw.kangwon.ac.kr/aisw/bachelor/calendar49d6.html]
[aisw.kangwon.ac.kr/aisw/bachelor/calendar15d0.html]
[aisw.kangwon.ac.kr/aisw/bachelor/calendar041d.html]
[aisw.kangwon.ac.kr/aisw/bachelor/calendar6aea.html]
[aisw.kangwon.ac.kr/aisw/bachelor/calendare3a5.html]
[aisw.kangwon.ac.kr/aisw/bachelor/calendard72a.html]
[aisw.kangwon.ac.kr/aisw/bachelor/calendar47d4.html]
[aisw.kangwon.ac.kr/aisw/bachelor/calendarbdba.html]
[aisw.kangwon.ac.kr/aisw/bachelor/calendarb518.html]
[aisw.kangwon.ac.kr/aisw/bachelor/calendarcc18.html]
[aisw.kangwon.ac.kr/aisw/bachelor/calendar67ea.html]
[aisw.kangwon.ac.kr/aisw/bachelor/calendar9a11.html]
[aisw.kangwon.ac.kr/aisw/bachelor/calendare459.html]
[aisw.kangwon.ac.kr/aisw/bachelor/calendar22f9.html]
[aisw.kangwon.ac.kr/aisw/bachelor/calendar2b12.html]
[aisw.kangwon.ac.kr/aisw/bachelor/calendarb6b2.html]
[aisw.kangwon.ac.kr/aisw/bachelor/calendarab1a.html]
[aisw.kangwon.ac.kr/aisw/bachelor/calendardac6.html]
[aisw.kangwon.ac.kr/aisw/bachelor/calendarb886.html]
[aisw.kangwon.ac.kr/aisw/bachelor/calendar70b5.html]
[aisw.kangwon.ac.kr/aisw/bachelor/calendar94b9.html]
[aisw.kangwon.ac.kr/aisw/bachelor/calendar9864.html]
[aisw.kangwon.ac.kr/aisw/bachelor/calendar6478.html]
[aisw.kangwon.ac.kr/aisw/bachelor/calendar20fc.html]
[aisw.kangwon.ac.kr/aisw/bachelor/calendar0a39.html]
[aisw.kangwon.ac.kr/aisw/bachelor/calendarbda8.html]
[aisw.kangwon.ac.kr/aisw/bachelor/calendar2c5a.html]
[aisw.kangwon.ac.kr/aisw/bachelor/calendar2613.html]
[aisw.kangwon.ac.kr/aisw/bachelor/calendarbffe.html]
[aisw.kangwon.ac.kr/aisw/bachelor/calendar8dd2.html]
[aisw.kangwon.ac.kr/aisw/bachelor/calendar277a.html]
[aisw.kangwon.ac.kr/aisw/bachelor/calendar7d10.html]
[aisw.kangwon.ac.kr/aisw/bachelor/calendar16ad.html]
[aisw.kangwon.ac.kr/aisw/bachelor/calendar7f09.html]
[aisw.kangwon.ac.kr/aisw/bachelor/calendar6614.html]
[aisw.kangwon.ac.kr/aisw/bachelor/calendarc1df.html]
[aisw.kangwon.ac.kr/aisw/bachelor/calendar4407.html]
[aisw.kangwon.ac.kr/aisw/bachelor/calendar9ad2.html]
[aisw.kangwon.ac.kr/aisw/bachelor/calendar4633.html]
[aisw.kangwon.ac.kr/aisw/bachelor/calendar52c3.html]
[aisw.kangwon.ac.kr/aisw/bachelor/calendarc105.html]
[aisw.kangwon.ac.kr/aisw/bachelor/calendar34ba.html]
[aisw.kangwon.ac.kr/aisw/bachelor/calendarfd17.html]
[aisw.kangwon.ac.kr/aisw/bachelor/calendar0be8.html]
[aisw.kangwon.ac.kr/aisw/bachelor/calendar3145.html]
[aisw.kangwon.ac.kr/aisw/bachelor/calendar3eb2.html]
[aisw.kangwon.ac.kr/aisw/bachelor/calendar1365.html]
[aisw.kangwon.ac.kr/aisw/bachelor/calendar3290.html]
[aisw.kangwon.ac.kr/aisw/bachelor/calendar1d14.html]
[aisw.kangwon.ac.kr/aisw/bachelor/calendar9b22.html]
[aisw.kangwon.ac.kr/aisw/bachelor/calendar596a.html]
[aisw.kangwon.ac.kr/aisw/bachelor/calendar378f.html]
[aisw.kangwon.ac.kr/aisw/bachelor/calendarb4ee.html]
[aisw.kangwon.ac.kr/aisw/bachelor/calendar8082.html]
[aisw.kangwon.ac.kr/aisw/bachelor/calendard08f.html]
[aisw.kangwon.ac.kr/aisw/bachelor/calendar17ef.html]
[aisw.kangwon.ac.kr/aisw/bachelor/calendarfcb7.html]
[aisw.kangwon.ac.kr/aisw/bachelor/calendarb123.html]
[aisw.kangwon.ac.kr/aisw/bachelor/calendar3110.html]
[aisw.kangwon.ac.kr/aisw/bachelor/calendarfc4f.html]
[aisw.kangwon.ac.kr/aisw/bachelor/calendar5677.html]
[aisw.kangwon.ac.kr/aisw/bachelor/calendard4da.html]
[aisw.kangwon.ac.kr/aisw/bachelor/calendar4366.html]
[aisw.kangwon.ac.kr/aisw/bachelor/calendar5756.html]
[aisw.kangwon.ac.kr/aisw/bachelor/calendar0d9b.html]
[aisw.kangwon.ac.kr/aisw/bachelor/calendarc54d.html]
[aisw.kangwon.ac.kr/aisw/bachelor/calendar1102.html]
[aisw.kangwon.ac.kr/aisw/bachelor/calendar114c.html]
[aisw.kangwon.ac.kr/aisw/bachelor/calendarc264.html]
[aisw.kangwon.ac.kr/aisw/bachelor/calendarffd9.html]
[aisw.kangwon.ac.kr/aisw/bachelor/calendar0d82.html]
[aisw.kangwon.ac.kr/aisw/bachelor/calendarc77c.html]
[aisw.kangwon.ac.kr/aisw/bachelor/calendarfa2b.html]
[aisw.kangwon.ac.kr/aisw/bachelor/calendar56c2.html]
[aisw.kangwon.ac.kr/aisw/bachelor/calendara83e.html]
[aisw.kangwon.ac.kr/aisw/bachelor/calendar5d25.html]
[aisw.kangwon.ac.kr/aisw/bachelor/calendar9978.html]
[aisw.kangwon.ac.kr/aisw/bachelor/calendar739f.html]
[aisw.kangwon.ac.kr/aisw/bachelor/calendar0b47.html]
[aisw.kangwon.ac.kr/aisw/bachelor/calendar2e7d.html]
[aisw.kangwon.ac.kr/aisw/bachelor/calendarb87e.html]
[aisw.kangwon.ac.kr/aisw/bachelor/calendarb1d8.html]
[aisw.kangwon.ac.kr/aisw/bachelor/calendar761e.html]
[aisw.kangwon.ac.kr/aisw/bachelor/calendare242.html]
[aisw.kangwon.ac.kr/aisw/bachelor/calendar705c.html]
[aisw.kangwon.ac.kr/aisw/bachelor/calendar7484.html]
[aisw.kangwon.ac.kr/aisw/bachelor/calendarb888.html]
[aisw.kangwon.ac.kr/aisw/bachelor/calendar60c8.html]
[aisw.kangwon.ac.kr/aisw/bachelor/calendar35bb.html]
[aisw.kangwon.ac.kr/aisw/bachelor/calendar2031.html]
[aisw.kangwon.ac.kr/aisw/bachelor/calendar89e2.html]
[aisw.kangwon.ac.kr/aisw/bachelor/calendard455.html]
[aisw.kangwon.ac.kr/aisw/bachelor/calendar92c9.html]
[aisw.kangwon.ac.kr/aisw/bachelor/calendar4867.html]
[aisw.kangwon.ac.kr/aisw/bachelor/calendar69ac.html]
[aisw.kangwon.ac.kr/aisw/bachelor/calendar09c1.html]
[aisw.kangwon.ac.kr/aisw/bachelor/calendard8d7.html]
[aisw.kangwon.ac.kr/aisw/bachelor/calendar0d7a.html]
[aisw.kangwon.ac.kr/aisw/bachelor/calendar6777.html]
[aisw.kangwon.ac.kr/aisw/bachelor/calendar104a.html]
[aisw.kangwon.ac.kr/aisw/bachelor/calendar02b2.html]
[aisw.kangwon.ac.kr/aisw/bachelor/calendar9583.html]
[aisw.kangwon.ac.kr/aisw/bachelor/calendarc116.html]
[aisw.kangwon.ac.kr/aisw/bachelor/calendar5463.html]
[aisw.kangwon.ac.kr/aisw/bachelor/calendarce76.html]
[aisw.kangwon.ac.kr/aisw/bachelor/calendar034e.html]
[aisw.kangwon.ac.kr/aisw/bachelor/calendar5296.html]
[aisw.kangwon.ac.kr/aisw/bachelor/calendar62eb.html]
[aisw.kangwon.ac.kr/aisw/bachelor/calendar9150.html]
[aisw.kangwon.ac.kr/aisw/bachelor/calendar9509.html]
[aisw.kangwon.ac.kr/aisw/bachelor/calendar5b0e.html]
[aisw.kangwon.ac.kr/aisw/bachelor/calendara489.html]
[aisw.kangwon.ac.kr/aisw/bachelor/calendar111c.html]
[aisw.kangwon.ac.kr/aisw/bachelor/calendar39af.html]
[aisw.kangwon.ac.kr/aisw/bachelor/calendaradad.html]
[aisw.kangwon.ac.kr/aisw/bachelor/calendara3d4.html]
[aisw.kangwon.ac.kr/aisw/bachelor/calendara802.html]
[aisw.kangwon.ac.kr/aisw/bachelor/calendar57d0.html]
[aisw.kangwon.ac.kr/aisw/bachelor/calendar275b.html]
[aisw.kangwon.ac.kr/aisw/bachelor/calendar609e.html]
[aisw.kangwon.ac.kr/aisw/bachelor/calendar16dd.html]
[aisw.kangwon.ac.kr/aisw/bachelor/calendar6e80.html]
[aisw.kangwon.ac.kr/aisw/bachelor/calendar2012.html]
[aisw.kangwon.ac.kr/aisw/bachelor/calendar1784.html]
[aisw.kangwon.ac.kr/aisw/bachelor/calendar6e66.html]
[aisw.kangwon.ac.kr/aisw/bachelor/calendar54d3.html]
[aisw.kangwon.ac.kr/aisw/bachelor/calendarde44.html]
[aisw.kangwon.ac.kr/aisw/bachelor/calendara48f.html]
[aisw.kangwon.ac.kr/aisw/bachelor/calendar1d0f.html]
[aisw.kangwon.ac.kr/aisw/bachelor/calendar90d2.html]
[aisw.kangwon.ac.kr/aisw/bachelor/calendar30d3.html]
[aisw.kangwon.ac.kr/aisw/bachelor/calendar04c1.html]
[aisw.kangwon.ac.kr/aisw/bachelor/calendar3904.html]
[aisw.kangwon.ac.kr/aisw/bachelor/calendar741a.html]
[aisw.kangwon.ac.kr/aisw/bachelor/calendareaf7.html]
[aisw.kangwon.ac.kr/aisw/bachelor/calendarcee3.html]
[aisw.kangwon.ac.kr/aisw/bachelor/calendar73ca.html]
[aisw.kangwon.ac.kr/aisw/bachelor/calendarb513.html]
[aisw.kangwon.ac.kr/aisw/bachelor/calendar0804-2.html]
[aisw.kangwon.ac.kr/aisw/bachelor/calendar09ec.html]
[aisw.kangwon.ac.kr/aisw/bachelor/calendar82a5.html]
[aisw.kangwon.ac.kr/aisw/bachelor/calendar921b.html]
[aisw.kangwon.ac.kr/aisw/bachelor/calendara07e.html]
[aisw.kangwon.ac.kr/aisw/bachelor/calendarf271.html]
[aisw.kangwon.ac.kr/aisw/bachelor/calendar2bd9.html]
[aisw.kangwon.ac.kr/aisw/bachelor/calendar5794.html]
[aisw.kangwon.ac.kr/aisw/bachelor/calendard0ee.html]
[aisw.kangwon.ac.kr/aisw/bachelor/calendar9700.html]
[aisw.kangwon.ac.kr/aisw/bachelor/calendar031e.html]
[aisw.kangwon.ac.kr/aisw/bachelor/calendareb4d.html]
[aisw.kangwon.ac.kr/aisw/bachelor/calendar4169.html]
[aisw.kangwon.ac.kr/aisw/bachelor/calendar5bc7.html]
[aisw.kangwon.ac.kr/aisw/bachelor/calendar67eb.html]
[aisw.kangwon.ac.kr/aisw/bachelor/calendard924.html]
[aisw.kangwon.ac.kr/aisw/bachelor/calendarc593.html]
[aisw.kangwon.ac.kr/aisw/bachelor/calendarf374.html]
[aisw.kangwon.ac.kr/aisw/bachelor/calendar24de.html]
[aisw.kangwon.ac.kr/aisw/bachelor/calendarc491.html]
[aisw.kangwon.ac.kr/aisw/bachelor/calendar3ffd.html]
[aisw.kangwon.ac.kr/aisw/bachelor/calendar2ad4.html]
[aisw.kangwon.ac.kr/aisw/bachelor/calendar07c6.html]
[aisw.kangwon.ac.kr/aisw/bachelor/calendar8862.html]
[aisw.kangwon.ac.kr/aisw/bachelor/calendarb374.html]
[aisw.kangwon.ac.kr/aisw/bachelor/calendarce49.html]
[aisw.kangwon.ac.kr/aisw/bachelor/calendarf5e9.html]
[aisw.kangwon.ac.kr/aisw/bachelor/calendarfe99.html]
[aisw.kangwon.ac.kr/aisw/bachelor/calendar67ee.html]
[aisw.kangwon.ac.kr/aisw/bachelor/calendar8d05.html]
[aisw.kangwon.ac.kr/aisw/bachelor/calendar0cea.html]
[aisw.kangwon.ac.kr/aisw/bachelor/calendar4718.html]
[aisw.kangwon.ac.kr/aisw/bachelor/calendaraeb1-2.html]
[aisw.kangwon.ac.kr/aisw/bachelor/calendar8646.html]
[aisw.kangwon.ac.kr/aisw/bachelor/calendar159a.html]
[aisw.kangwon.ac.kr/aisw/bachelor/calendare3db.html]
[aisw.kangwon.ac.kr/aisw/bachelor/calendarb5fd.html]
[aisw.kangwon.ac.kr/aisw/bachelor/calendar36b9.html]
[aisw.kangwon.ac.kr/aisw/bachelor/calendarb0d1.html]
[aisw.kangwon.ac.kr/aisw/bachelor/calendar43ea.html]
[aisw.kangwon.ac.kr/aisw/bachelor/calendar5631.html]
[aisw.kangwon.ac.kr/aisw/bachelor/calendarf6f7.html]
[aisw.kangwon.ac.kr/aisw/bachelor/calendaraeca.html]
[aisw.kangwon.ac.kr/aisw/bachelor/calendarbc6d.html]
[aisw.kangwon.ac.kr/aisw/bachelor/calendarbac6.html]
[aisw.kangwon.ac.kr/aisw/bachelor/calendar93bb.html]
[aisw.kangwon.ac.kr/aisw/bachelor/calendar866f.html]
[aisw.kangwon.ac.kr/aisw/bachelor/calendard21b.html]
[aisw.kangwon.ac.kr/aisw/bachelor/calendar835e.html]
[aisw.kangwon.ac.kr/aisw/bachelor/calendara975.html]
[aisw.kangwon.ac.kr/aisw/bachelor/calendar8ecc.html]
[aisw.kangwon.ac.kr/aisw/bachelor/calendar64a1.html]
[aisw.kangwon.ac.kr/aisw/bachelor/calendarb39a.html]
[aisw.kangwon.ac.kr/aisw/bachelor/calendar968a.html]
[aisw.kangwon.ac.kr/aisw/bachelor/calendara7fa.html]
[aisw.kangwon.ac.kr/aisw/bachelor/calendarab46.html]
[aisw.kangwon.ac.kr/aisw/bachelor/calendara166.html]
[aisw.kangwon.ac.kr/aisw/bachelor/calendarb489.html]
[aisw.kangwon.ac.kr/aisw/bachelor/calendar3cb8.html]
[aisw.kangwon.ac.kr/aisw/bachelor/calendar1534.html]
[aisw.kangwon.ac.kr/aisw/bachelor/calendar0d91.html]
[aisw.kangwon.ac.kr/aisw/bachelor/calendara3ae.html]
[aisw.kangwon.ac.kr/aisw/bachelor/calendar8284.html]
[aisw.kangwon.ac.kr/aisw/bachelor/calendar2742.html]
[aisw.kangwon.ac.kr/aisw/bachelor/calendar9533.html]
[aisw.kangwon.ac.kr/aisw/bachelor/calendar9328.html]
[aisw.kangwon.ac.kr/aisw/bachelor/calendare412.html]
[aisw.kangwon.ac.kr/aisw/bachelor/calendar23a4.html]
[aisw.kangwon.ac.kr/aisw/bachelor/calendar5628.html]
[aisw.kangwon.ac.kr/aisw/bachelor/calendar57f1.html]
[aisw.kangwon.ac.kr/aisw/bachelor/calendar7b9d.html]
[aisw.kangwon.ac.kr/aisw/bachelor/calendaraa29.html]
[aisw.kangwon.ac.kr/aisw/bachelor/calendarcfe8.html]
[aisw.kangwon.ac.kr/aisw/bachelor/calendar94ff.html]
[aisw.kangwon.ac.kr/aisw/bachelor/calendar8356.html]
[aisw.kangwon.ac.kr/aisw/bachelor/calendarf6a6.html]
[aisw.kangwon.ac.kr/aisw/bachelor/calendara0b3.html]
[aisw.kangwon.ac.kr/aisw/bachelor/calendara9e1-2.html]
[aisw.kangwon.ac.kr/aisw/bachelor/calendar2162.html]
[aisw.kangwon.ac.kr/aisw/bachelor/calendar124b.html]
[aisw.kangwon.ac.kr/aisw/bachelor/calendar8d8b.html]
[aisw.kangwon.ac.kr/aisw/bachelor/calendarbbc2.html]
[aisw.kangwon.ac.kr/aisw/bachelor/calendard32d.html]
[aisw.kangwon.ac.kr/aisw/bachelor/calendar8274.html]
[aisw.kangwon.ac.kr/aisw/bachelor/calendarabbf.html]
[aisw.kangwon.ac.kr/aisw/bachelor/calendar7095.html]
[aisw.kangwon.ac.kr/aisw/bachelor/calendarfac8.html]
[aisw.kangwon.ac.kr/aisw/bachelor/calendar02f6.html]
[aisw.kangwon.ac.kr/aisw/bachelor/calendar39b2.html]
[aisw.kangwon.ac.kr/aisw/bachelor/calendar7ee4.html]
[aisw.kangwon.ac.kr/aisw/bachelor/calendarf3a6.html]
[aisw.kangwon.ac.kr/aisw/bachelor/calendarddb7.html]
[aisw.kangwon.ac.kr/aisw/bachelor/calendar43c3.html]
[aisw.kangwon.ac.kr/aisw/bachelor/calendarcf18.html]
[aisw.kangwon.ac.kr/aisw/bachelor/calendar25ce.html]
[aisw.kangwon.ac.kr/aisw/bachelor/calendar121f.html]
[aisw.kangwon.ac.kr/aisw/bachelor/calendar8cba.html]
[aisw.kangwon.ac.kr/aisw/bachelor/calendard8c4.html]
[aisw.kangwon.ac.kr/aisw/bachelor/calendar0529.html]
[aisw.kangwon.ac.kr/aisw/bachelor/calendar5f81.html]
[aisw.kangwon.ac.kr/aisw/bachelor/calendar52e1.html]
[aisw.kangwon.ac.kr/aisw/bachelor/calendard41c.html]
[aisw.kangwon.ac.kr/aisw/bachelor/calendar0fb8.html]
[aisw.kangwon.ac.kr/aisw/bachelor/calendaref37.html]
[aisw.kangwon.ac.kr/aisw/bachelor/calendar3c8e.html]
[aisw.kangwon.ac.kr/aisw/bachelor/calendar9c06.html]
[aisw.kangwon.ac.kr/aisw/bachelor/calendar8e02.html]
[aisw.kangwon.ac.kr/aisw/bachelor/calendar258d.html]
[aisw.kangwon.ac.kr/aisw/bachelor/calendar4b1f.html]
[aisw.kangwon.ac.kr/aisw/bachelor/calendara0b6.html]
[aisw.kangwon.ac.kr/aisw/bachelor/calendarf3db.html]
[aisw.kangwon.ac.kr/aisw/bachelor/calendard54d.html]
[aisw.kangwon.ac.kr/aisw/bachelor/calendar8bf8.html]
[aisw.kangwon.ac.kr/aisw/bachelor/calendar60c6.html]
[aisw.kangwon.ac.kr/aisw/bachelor/calendar4c96.html]
[aisw.kangwon.ac.kr/aisw/bachelor/calendar69b9.html]
[aisw.kangwon.ac.kr/aisw/bachelor/calendaraf29.html]
[aisw.kangwon.ac.kr/aisw/bachelor/calendar2a8e.html]
[aisw.kangwon.ac.kr/aisw/bachelor/calendardbd0.html]
[aisw.kangwon.ac.kr/aisw/bachelor/calendar9707.html]
[aisw.kangwon.ac.kr/aisw/bachelor/calendard9be.html]
[aisw.kangwon.ac.kr/aisw/bachelor/calendarad83.html]
[aisw.kangwon.ac.kr/aisw/bachelor/calendar9d4b.html]
[aisw.kangwon.ac.kr/aisw/bachelor/calendar83d0.html]
[aisw.kangwon.ac.kr/aisw/bachelor/calendare1af.html]
[aisw.kangwon.ac.kr/aisw/bachelor/calendar3f54.html]
[aisw.kangwon.ac.kr/aisw/bachelor/calendarafdf.html]
[aisw.kangwon.ac.kr/aisw/bachelor/calendara145.html]
[aisw.kangwon.ac.kr/aisw/bachelor/calendar0ec7.html]
[aisw.kangwon.ac.kr/aisw/bachelor/calendarbed6.html]
[aisw.kangwon.ac.kr/aisw/bachelor/calendard1f3.html]
[aisw.kangwon.ac.kr/aisw/bachelor/calendare4f6.html]
[aisw.kangwon.ac.kr/aisw/bachelor/calendare257.html]
[aisw.kangwon.ac.kr/aisw/bachelor/calendar9911.html]
[aisw.kangwon.ac.kr/aisw/bachelor/calendar22bc.html]
[aisw.kangwon.ac.kr/aisw/bachelor/calendar4017.html]
[aisw.kangwon.ac.kr/aisw/bachelor/calendar158e.html]
[aisw.kangwon.ac.kr/aisw/bachelor/calendar787c.html]
[aisw.kangwon.ac.kr/aisw/bachelor/calendar36bb.html]
[aisw.kangwon.ac.kr/aisw/bachelor/calendar4a6f.html]
[aisw.kangwon.ac.kr/aisw/bachelor/calendar5f27.html]
[aisw.kangwon.ac.kr/aisw/bachelor/calendarad32.html]
[aisw.kangwon.ac.kr/aisw/bachelor/calendar5645.html]
[aisw.kangwon.ac.kr/aisw/bachelor/calendare4a7.html]
[aisw.kangwon.ac.kr/aisw/bachelor/calendare991.html]
[aisw.kangwon.ac.kr/aisw/bachelor/calendar8e0d.html]
[aisw.kangwon.ac.kr/aisw/bachelor/calendar801f.html]
[aisw.kangwon.ac.kr/aisw/bachelor/calendare65b.html]
[aisw.kangwon.ac.kr/aisw/bachelor/calendar7b0e.html]
[aisw.kangwon.ac.kr/aisw/bachelor/calendarf653.html]
[aisw.kangwon.ac.kr/aisw/bachelor/calendar6e3e.html]
[aisw.kangwon.ac.kr/aisw/bachelor/calendarffc9.html]
[aisw.kangwon.ac.kr/aisw/bachelor/calendard679.html]
[aisw.kangwon.ac.kr/aisw/bachelor/calendar1ec3.html]
[aisw.kangwon.ac.kr/aisw/bachelor/calendar68a5.html]
[aisw.kangwon.ac.kr/aisw/bachelor/calendar7128.html]
[aisw.kangwon.ac.kr/aisw/bachelor/calendar8dce.html]
[aisw.kangwon.ac.kr/aisw/bachelor/calendarf4a3.html]
[aisw.kangwon.ac.kr/aisw/bachelor/calendarbd71.html]
[aisw.kangwon.ac.kr/aisw/bachelor/calendar5bf1.html]
[aisw.kangwon.ac.kr/aisw/bachelor/calendarfe9e.html]
[aisw.kangwon.ac.kr/aisw/bachelor/calendar19c0.html]
[aisw.kangwon.ac.kr/aisw/bachelor/calendare068.html]
[aisw.kangwon.ac.kr/aisw/bachelor/calendar435f.html]
[aisw.kangwon.ac.kr/aisw/bachelor/calendare894.html]
[aisw.kangwon.ac.kr/aisw/bachelor/calendar507c.html]
[aisw.kangwon.ac.kr/aisw/bachelor/calendar48a6.html]
[aisw.kangwon.ac.kr/aisw/bachelor/calendar1c5b.html]
[aisw.kangwon.ac.kr/aisw/bachelor/calendar4116.html]
[aisw.kangwon.ac.kr/aisw/bachelor/calendarc842.html]
[aisw.kangwon.ac.kr/aisw/bachelor/calendar4368.html]
[aisw.kangwon.ac.kr/aisw/bachelor/calendar1025.html]
[aisw.kangwon.ac.kr/aisw/bachelor/calendarc7ab.html]
[aisw.kangwon.ac.kr/aisw/bachelor/calendar8723.html]
[aisw.kangwon.ac.kr/aisw/bachelor/calendar894b.html]
[aisw.kangwon.ac.kr/aisw/bachelor/calendar063c.html]
[aisw.kangwon.ac.kr/aisw/bachelor/calendara4b5.html]
[aisw.kangwon.ac.kr/aisw/bachelor/calendar43ab.html]
[aisw.kangwon.ac.kr/aisw/bachelor/calendarf0ac.html]
[aisw.kangwon.ac.kr/aisw/bachelor/calendar2db9.html]
[aisw.kangwon.ac.kr/aisw/bachelor/calendard62c.html]
[aisw.kangwon.ac.kr/aisw/bachelor/calendara954.html]
[aisw.kangwon.ac.kr/aisw/bachelor/calendard028.html]
[aisw.kangwon.ac.kr/aisw/bachelor/calendar295f.html]
[aisw.kangwon.ac.kr/aisw/bachelor/calendar4704.html]
[aisw.kangwon.ac.kr/aisw/bachelor/calendar09ba.do]
[aisw.kangwon.ac.kr/aisw/bachelor/calendar1a72.html]
[aisw.kangwon.ac.kr/aisw/bachelor/calendar526f-2.html]
[aisw.kangwon.ac.kr/aisw/bachelor/calendar90a2.html]
[aisw.kangwon.ac.kr/aisw/bachelor/calendar02e3.do]
[aisw.kangwon.ac.kr/aisw/bachelor/calendar87c8.do]
[aisw.kangwon.ac.kr/aisw/bachelor/calendarea44.html]
[aisw.kangwon.ac.kr/aisw/bachelor/calendare9c2.html]
[aisw.kangwon.ac.kr/aisw/bachelor/calendar4651.html]
[aisw.kangwon.ac.kr/aisw/bachelor/calendar670d.html]
[aisw.kangwon.ac.kr/aisw/bachelor/calendarf3a1.do]
[aisw.kangwon.ac.kr/aisw/bachelor/calendare7a4.html]
[aisw.kangwon.ac.kr/aisw/bachelor/calendar6c38.html]
[aisw.kangwon.ac.kr/aisw/bachelor/calendarf8da.html]
[aisw.kangwon.ac.kr/aisw/bachelor/calendarddab.html]
[aisw.kangwon.ac.kr/aisw/bachelor/calendarf986.html]
[aisw.kangwon.ac.kr/aisw/bachelor/calendar1fdb.html]
[aisw.kangwon.ac.kr/aisw/bachelor/calendar49ce.html]
[aisw.kangwon.ac.kr/aisw/bachelor/calendarc4db.html]
[aisw.kangwon.ac.kr/aisw/bachelor/calendar90a1.html]
